../Drivers/STM32U5xx_HAL_Driver/Src/stm32u5xx_hal_uart_ex.c:166:19:HAL_RS485Ex_Init	32	static
../Drivers/STM32U5xx_HAL_Driver/Src/stm32u5xx_hal_uart_ex.c:270:13:HAL_UARTEx_RxFifoFullCallback	16	static
../Drivers/STM32U5xx_HAL_Driver/Src/stm32u5xx_hal_uart_ex.c:285:13:HAL_UARTEx_TxFifoEmptyCallback	16	static
../Drivers/STM32U5xx_HAL_Driver/Src/stm32u5xx_hal_uart_ex.c:370:19:HAL_MultiProcessorEx_AddressLength_Set	16	static
../Drivers/STM32U5xx_HAL_Driver/Src/stm32u5xx_hal_uart_ex.c:407:19:HAL_UARTEx_StopModeWakeUpSourceConfig	40	static
../Drivers/STM32U5xx_HAL_Driver/Src/stm32u5xx_hal_uart_ex.c:460:19:HAL_UARTEx_EnableStopMode	40	static,ignoring_inline_asm
../Drivers/STM32U5xx_HAL_Driver/Src/stm32u5xx_hal_uart_ex.c:479:19:HAL_UARTEx_DisableStopMode	40	static,ignoring_inline_asm
../Drivers/STM32U5xx_HAL_Driver/Src/stm32u5xx_hal_uart_ex.c:498:19:HAL_UARTEx_EnableFifoMode	24	static
../Drivers/STM32U5xx_HAL_Driver/Src/stm32u5xx_hal_uart_ex.c:539:19:HAL_UARTEx_DisableFifoMode	24	static
../Drivers/STM32U5xx_HAL_Driver/Src/stm32u5xx_hal_uart_ex.c:585:19:HAL_UARTEx_SetTxFifoThreshold	24	static
../Drivers/STM32U5xx_HAL_Driver/Src/stm32u5xx_hal_uart_ex.c:634:19:HAL_UARTEx_SetRxFifoThreshold	24	static
../Drivers/STM32U5xx_HAL_Driver/Src/stm32u5xx_hal_uart_ex.c:691:19:HAL_UARTEx_ReceiveToIdle	40	static
../Drivers/STM32U5xx_HAL_Driver/Src/stm32u5xx_hal_uart_ex.c:822:19:HAL_UARTEx_ReceiveToIdle_IT	56	static,ignoring_inline_asm
../Drivers/STM32U5xx_HAL_Driver/Src/stm32u5xx_hal_uart_ex.c:888:19:HAL_UARTEx_ReceiveToIdle_DMA	56	static,ignoring_inline_asm
../Drivers/STM32U5xx_HAL_Driver/Src/stm32u5xx_hal_uart_ex.c:955:29:HAL_UARTEx_GetRxEventType	16	static
../Drivers/STM32U5xx_HAL_Driver/Src/stm32u5xx_hal_uart_ex.c:967:19:HAL_UARTEx_SetConfigAutonomousMode	24	static
../Drivers/STM32U5xx_HAL_Driver/Src/stm32u5xx_hal_uart_ex.c:1030:19:HAL_UARTEx_GetConfigAutonomousMode	24	static
../Drivers/STM32U5xx_HAL_Driver/Src/stm32u5xx_hal_uart_ex.c:1053:19:HAL_UARTEx_ClearConfigAutonomousMode	16	static
../Drivers/STM32U5xx_HAL_Driver/Src/stm32u5xx_hal_uart_ex.c:1101:13:UARTEx_Wakeup_AddressConfig	24	static
../Drivers/STM32U5xx_HAL_Driver/Src/stm32u5xx_hal_uart_ex.c:1119:13:UARTEx_SetNbDataToProcess	24	static
