../Drivers/STM32U5xx_HAL_Driver/Src/stm32u5xx_hal_uart.c:309:19:HAL_UART_Init	16	static
../Drivers/STM32U5xx_HAL_Driver/Src/stm32u5xx_hal_uart.c:384:19:HAL_HalfDuplex_Init	16	static
../Drivers/STM32U5xx_HAL_Driver/Src/stm32u5xx_hal_uart.c:459:19:HAL_LIN_Init	16	static
../Drivers/STM32U5xx_HAL_Driver/Src/stm32u5xx_hal_uart.c:558:19:HAL_MultiProcessor_Init	24	static
../Drivers/STM32U5xx_HAL_Driver/Src/stm32u5xx_hal_uart.c:634:19:HAL_UART_DeInit	16	static
../Drivers/STM32U5xx_HAL_Driver/Src/stm32u5xx_hal_uart.c:681:13:HAL_UART_MspInit	16	static
../Drivers/STM32U5xx_HAL_Driver/Src/stm32u5xx_hal_uart.c:696:13:HAL_UART_MspDeInit	16	static
../Drivers/STM32U5xx_HAL_Driver/Src/stm32u5xx_hal_uart.c:1110:19:HAL_UART_Transmit	48	static
../Drivers/STM32U5xx_HAL_Driver/Src/stm32u5xx_hal_uart.c:1208:19:HAL_UART_Receive	48	static
../Drivers/STM32U5xx_HAL_Driver/Src/stm32u5xx_hal_uart.c:1300:19:HAL_UART_Transmit_IT	72	static,ignoring_inline_asm
../Drivers/STM32U5xx_HAL_Driver/Src/stm32u5xx_hal_uart.c:1376:19:HAL_UART_Receive_IT	48	static,ignoring_inline_asm
../Drivers/STM32U5xx_HAL_Driver/Src/stm32u5xx_hal_uart.c:1426:19:HAL_UART_Transmit_DMA	56	static,ignoring_inline_asm
../Drivers/STM32U5xx_HAL_Driver/Src/stm32u5xx_hal_uart.c:1542:19:HAL_UART_Receive_DMA	48	static,ignoring_inline_asm
../Drivers/STM32U5xx_HAL_Driver/Src/stm32u5xx_hal_uart.c:1578:19:HAL_UART_DMAPause	72	static,ignoring_inline_asm
../Drivers/STM32U5xx_HAL_Driver/Src/stm32u5xx_hal_uart.c:1640:19:HAL_UART_DMAResume	64	static,ignoring_inline_asm
../Drivers/STM32U5xx_HAL_Driver/Src/stm32u5xx_hal_uart.c:1689:19:HAL_UART_DMAStop	72	static,ignoring_inline_asm
../Drivers/STM32U5xx_HAL_Driver/Src/stm32u5xx_hal_uart.c:1765:19:HAL_UART_Abort	88	static,ignoring_inline_asm
../Drivers/STM32U5xx_HAL_Driver/Src/stm32u5xx_hal_uart.c:1874:19:HAL_UART_AbortTransmit	64	static,ignoring_inline_asm
../Drivers/STM32U5xx_HAL_Driver/Src/stm32u5xx_hal_uart.c:1937:19:HAL_UART_AbortReceive	88	static,ignoring_inline_asm
../Drivers/STM32U5xx_HAL_Driver/Src/stm32u5xx_hal_uart.c:2009:19:HAL_UART_Abort_IT	96	static,ignoring_inline_asm
../Drivers/STM32U5xx_HAL_Driver/Src/stm32u5xx_hal_uart.c:2168:19:HAL_UART_AbortTransmit_IT	64	static,ignoring_inline_asm
../Drivers/STM32U5xx_HAL_Driver/Src/stm32u5xx_hal_uart.c:2263:19:HAL_UART_AbortReceive_IT	88	static,ignoring_inline_asm
../Drivers/STM32U5xx_HAL_Driver/Src/stm32u5xx_hal_uart.c:2360:6:HAL_UART_IRQHandler	192	static,ignoring_inline_asm
../Drivers/STM32U5xx_HAL_Driver/Src/stm32u5xx_hal_uart.c:2704:13:HAL_UART_TxCpltCallback	16	static
../Drivers/STM32U5xx_HAL_Driver/Src/stm32u5xx_hal_uart.c:2719:13:HAL_UART_TxHalfCpltCallback	16	static
../Drivers/STM32U5xx_HAL_Driver/Src/stm32u5xx_hal_uart.c:2734:13:HAL_UART_RxCpltCallback	16	static
../Drivers/STM32U5xx_HAL_Driver/Src/stm32u5xx_hal_uart.c:2749:13:HAL_UART_RxHalfCpltCallback	16	static
../Drivers/STM32U5xx_HAL_Driver/Src/stm32u5xx_hal_uart.c:2764:13:HAL_UART_ErrorCallback	16	static
../Drivers/STM32U5xx_HAL_Driver/Src/stm32u5xx_hal_uart.c:2779:13:HAL_UART_AbortCpltCallback	16	static
../Drivers/STM32U5xx_HAL_Driver/Src/stm32u5xx_hal_uart.c:2794:13:HAL_UART_AbortTransmitCpltCallback	16	static
../Drivers/STM32U5xx_HAL_Driver/Src/stm32u5xx_hal_uart.c:2809:13:HAL_UART_AbortReceiveCpltCallback	16	static
../Drivers/STM32U5xx_HAL_Driver/Src/stm32u5xx_hal_uart.c:2826:13:HAL_UARTEx_RxEventCallback	16	static
../Drivers/STM32U5xx_HAL_Driver/Src/stm32u5xx_hal_uart.c:2874:6:HAL_UART_ReceiverTimeout_Config	16	static
../Drivers/STM32U5xx_HAL_Driver/Src/stm32u5xx_hal_uart.c:2889:19:HAL_UART_EnableReceiverTimeout	16	static
../Drivers/STM32U5xx_HAL_Driver/Src/stm32u5xx_hal_uart.c:2927:19:HAL_UART_DisableReceiverTimeout	16	static
../Drivers/STM32U5xx_HAL_Driver/Src/stm32u5xx_hal_uart.c:2965:19:HAL_MultiProcessor_EnableMuteMode	40	static,ignoring_inline_asm
../Drivers/STM32U5xx_HAL_Driver/Src/stm32u5xx_hal_uart.c:2985:19:HAL_MultiProcessor_DisableMuteMode	40	static,ignoring_inline_asm
../Drivers/STM32U5xx_HAL_Driver/Src/stm32u5xx_hal_uart.c:3005:6:HAL_MultiProcessor_EnterMuteMode	16	static
../Drivers/STM32U5xx_HAL_Driver/Src/stm32u5xx_hal_uart.c:3015:19:HAL_HalfDuplex_EnableTransmitter	64	static,ignoring_inline_asm
../Drivers/STM32U5xx_HAL_Driver/Src/stm32u5xx_hal_uart.c:3038:19:HAL_HalfDuplex_EnableReceiver	64	static,ignoring_inline_asm
../Drivers/STM32U5xx_HAL_Driver/Src/stm32u5xx_hal_uart.c:3062:19:HAL_LIN_SendBreak	16	static
../Drivers/STM32U5xx_HAL_Driver/Src/stm32u5xx_hal_uart.c:3107:23:HAL_UART_GetState	24	static
../Drivers/STM32U5xx_HAL_Driver/Src/stm32u5xx_hal_uart.c:3123:10:HAL_UART_GetError	16	static
../Drivers/STM32U5xx_HAL_Driver/Src/stm32u5xx_hal_uart.c:3168:19:UART_SetConfig	112	static
../Drivers/STM32U5xx_HAL_Driver/Src/stm32u5xx_hal_uart.c:3325:6:UART_AdvFeatureConfig	16	static
../Drivers/STM32U5xx_HAL_Driver/Src/stm32u5xx_hal_uart.c:3401:19:UART_CheckIdleState	104	static,ignoring_inline_asm
../Drivers/STM32U5xx_HAL_Driver/Src/stm32u5xx_hal_uart.c:3470:19:UART_WaitOnFlagUntilTimeout	24	static
../Drivers/STM32U5xx_HAL_Driver/Src/stm32u5xx_hal_uart.c:3538:19:UART_Start_Receive_IT	144	static,ignoring_inline_asm
../Drivers/STM32U5xx_HAL_Driver/Src/stm32u5xx_hal_uart.c:3611:19:UART_Start_Receive_DMA	104	static,ignoring_inline_asm
../Drivers/STM32U5xx_HAL_Driver/Src/stm32u5xx_hal_uart.c:3707:13:UART_EndTxTransfer	64	static,ignoring_inline_asm
../Drivers/STM32U5xx_HAL_Driver/Src/stm32u5xx_hal_uart.c:3724:13:UART_EndRxTransfer	88	static,ignoring_inline_asm
../Drivers/STM32U5xx_HAL_Driver/Src/stm32u5xx_hal_uart.c:3751:13:UART_DMATransmitCplt	48	static,ignoring_inline_asm
../Drivers/STM32U5xx_HAL_Driver/Src/stm32u5xx_hal_uart.c:3787:13:UART_DMATxHalfCplt	24	static
../Drivers/STM32U5xx_HAL_Driver/Src/stm32u5xx_hal_uart.c:3805:13:UART_DMAReceiveCplt	96	static,ignoring_inline_asm
../Drivers/STM32U5xx_HAL_Driver/Src/stm32u5xx_hal_uart.c:3880:13:UART_DMARxHalfCplt	24	static
../Drivers/STM32U5xx_HAL_Driver/Src/stm32u5xx_hal_uart.c:3928:13:UART_DMAError	32	static
../Drivers/STM32U5xx_HAL_Driver/Src/stm32u5xx_hal_uart.c:3968:13:UART_DMAAbortOnError	24	static
../Drivers/STM32U5xx_HAL_Driver/Src/stm32u5xx_hal_uart.c:3990:13:UART_DMATxAbortCallback	24	static
../Drivers/STM32U5xx_HAL_Driver/Src/stm32u5xx_hal_uart.c:4045:13:UART_DMARxAbortCallback	24	static
../Drivers/STM32U5xx_HAL_Driver/Src/stm32u5xx_hal_uart.c:4097:13:UART_DMATxOnlyAbortCallback	24	static
../Drivers/STM32U5xx_HAL_Driver/Src/stm32u5xx_hal_uart.c:4130:13:UART_DMARxOnlyAbortCallback	24	static
../Drivers/STM32U5xx_HAL_Driver/Src/stm32u5xx_hal_uart.c:4164:13:UART_TxISR_8BIT	64	static,ignoring_inline_asm
../Drivers/STM32U5xx_HAL_Driver/Src/stm32u5xx_hal_uart.c:4193:13:UART_TxISR_16BIT	72	static,ignoring_inline_asm
../Drivers/STM32U5xx_HAL_Driver/Src/stm32u5xx_hal_uart.c:4225:13:UART_TxISR_8BIT_FIFOEN	72	static,ignoring_inline_asm
../Drivers/STM32U5xx_HAL_Driver/Src/stm32u5xx_hal_uart.c:4265:13:UART_TxISR_16BIT_FIFOEN	72	static,ignoring_inline_asm
../Drivers/STM32U5xx_HAL_Driver/Src/stm32u5xx_hal_uart.c:4306:13:UART_EndTransmit_IT	40	static,ignoring_inline_asm
../Drivers/STM32U5xx_HAL_Driver/Src/stm32u5xx_hal_uart.c:4331:13:UART_RxISR_8BIT	120	static,ignoring_inline_asm
../Drivers/STM32U5xx_HAL_Driver/Src/stm32u5xx_hal_uart.c:4422:13:UART_RxISR_16BIT	120	static,ignoring_inline_asm
../Drivers/STM32U5xx_HAL_Driver/Src/stm32u5xx_hal_uart.c:4515:13:UART_RxISR_8BIT_FIFOEN	184	static,ignoring_inline_asm
../Drivers/STM32U5xx_HAL_Driver/Src/stm32u5xx_hal_uart.c:4678:13:UART_RxISR_16BIT_FIFOEN	192	static,ignoring_inline_asm
