Archive member included to satisfy reference by file (symbol)

C:/ST/STM32CubeIDE_2.1.0/STM32CubeIDE/plugins/com.st.stm32cube.ide.mcu.externaltools.gnu-tools-for-stm32.14.3.rel1.win32_1.0.100.202602081740/tools/bin/../lib/gcc/arm-none-eabi/14.3.1/../../../../arm-none-eabi/lib/thumb/v8-m.main+fp/hard\libc_nano.a(libc_a-exit.o)
                              C:/ST/STM32CubeIDE_2.1.0/STM32CubeIDE/plugins/com.st.stm32cube.ide.mcu.externaltools.gnu-tools-for-stm32.14.3.rel1.win32_1.0.100.202602081740/tools/bin/../lib/gcc/arm-none-eabi/14.3.1/../../../../arm-none-eabi/lib/thumb/v8-m.main+fp/hard/crt0.o (exit)
C:/ST/STM32CubeIDE_2.1.0/STM32CubeIDE/plugins/com.st.stm32cube.ide.mcu.externaltools.gnu-tools-for-stm32.14.3.rel1.win32_1.0.100.202602081740/tools/bin/../lib/gcc/arm-none-eabi/14.3.1/../../../../arm-none-eabi/lib/thumb/v8-m.main+fp/hard\libc_nano.a(libc_a-findfp.o)
                              C:/ST/STM32CubeIDE_2.1.0/STM32CubeIDE/plugins/com.st.stm32cube.ide.mcu.externaltools.gnu-tools-for-stm32.14.3.rel1.win32_1.0.100.202602081740/tools/bin/../lib/gcc/arm-none-eabi/14.3.1/../../../../arm-none-eabi/lib/thumb/v8-m.main+fp/hard\libc_nano.a(libc_a-exit.o) (__stdio_exit_handler)
C:/ST/STM32CubeIDE_2.1.0/STM32CubeIDE/plugins/com.st.stm32cube.ide.mcu.externaltools.gnu-tools-for-stm32.14.3.rel1.win32_1.0.100.202602081740/tools/bin/../lib/gcc/arm-none-eabi/14.3.1/../../../../arm-none-eabi/lib/thumb/v8-m.main+fp/hard\libc_nano.a(libc_a-fwalk.o)
                              C:/ST/STM32CubeIDE_2.1.0/STM32CubeIDE/plugins/com.st.stm32cube.ide.mcu.externaltools.gnu-tools-for-stm32.14.3.rel1.win32_1.0.100.202602081740/tools/bin/../lib/gcc/arm-none-eabi/14.3.1/../../../../arm-none-eabi/lib/thumb/v8-m.main+fp/hard\libc_nano.a(libc_a-findfp.o) (_fwalk_sglue)
C:/ST/STM32CubeIDE_2.1.0/STM32CubeIDE/plugins/com.st.stm32cube.ide.mcu.externaltools.gnu-tools-for-stm32.14.3.rel1.win32_1.0.100.202602081740/tools/bin/../lib/gcc/arm-none-eabi/14.3.1/../../../../arm-none-eabi/lib/thumb/v8-m.main+fp/hard\libc_nano.a(libc_a-stdio.o)
                              C:/ST/STM32CubeIDE_2.1.0/STM32CubeIDE/plugins/com.st.stm32cube.ide.mcu.externaltools.gnu-tools-for-stm32.14.3.rel1.win32_1.0.100.202602081740/tools/bin/../lib/gcc/arm-none-eabi/14.3.1/../../../../arm-none-eabi/lib/thumb/v8-m.main+fp/hard\libc_nano.a(libc_a-findfp.o) (__sread)
C:/ST/STM32CubeIDE_2.1.0/STM32CubeIDE/plugins/com.st.stm32cube.ide.mcu.externaltools.gnu-tools-for-stm32.14.3.rel1.win32_1.0.100.202602081740/tools/bin/../lib/gcc/arm-none-eabi/14.3.1/../../../../arm-none-eabi/lib/thumb/v8-m.main+fp/hard\libc_nano.a(libc_a-memset.o)
                              C:/ST/STM32CubeIDE_2.1.0/STM32CubeIDE/plugins/com.st.stm32cube.ide.mcu.externaltools.gnu-tools-for-stm32.14.3.rel1.win32_1.0.100.202602081740/tools/bin/../lib/gcc/arm-none-eabi/14.3.1/../../../../arm-none-eabi/lib/thumb/v8-m.main+fp/hard/crt0.o (memset)
C:/ST/STM32CubeIDE_2.1.0/STM32CubeIDE/plugins/com.st.stm32cube.ide.mcu.externaltools.gnu-tools-for-stm32.14.3.rel1.win32_1.0.100.202602081740/tools/bin/../lib/gcc/arm-none-eabi/14.3.1/../../../../arm-none-eabi/lib/thumb/v8-m.main+fp/hard\libc_nano.a(libc_a-closer.o)
                              C:/ST/STM32CubeIDE_2.1.0/STM32CubeIDE/plugins/com.st.stm32cube.ide.mcu.externaltools.gnu-tools-for-stm32.14.3.rel1.win32_1.0.100.202602081740/tools/bin/../lib/gcc/arm-none-eabi/14.3.1/../../../../arm-none-eabi/lib/thumb/v8-m.main+fp/hard\libc_nano.a(libc_a-stdio.o) (_close_r)
C:/ST/STM32CubeIDE_2.1.0/STM32CubeIDE/plugins/com.st.stm32cube.ide.mcu.externaltools.gnu-tools-for-stm32.14.3.rel1.win32_1.0.100.202602081740/tools/bin/../lib/gcc/arm-none-eabi/14.3.1/../../../../arm-none-eabi/lib/thumb/v8-m.main+fp/hard\libc_nano.a(libc_a-reent.o)
                              C:/ST/STM32CubeIDE_2.1.0/STM32CubeIDE/plugins/com.st.stm32cube.ide.mcu.externaltools.gnu-tools-for-stm32.14.3.rel1.win32_1.0.100.202602081740/tools/bin/../lib/gcc/arm-none-eabi/14.3.1/../../../../arm-none-eabi/lib/thumb/v8-m.main+fp/hard\libc_nano.a(libc_a-closer.o) (errno)
C:/ST/STM32CubeIDE_2.1.0/STM32CubeIDE/plugins/com.st.stm32cube.ide.mcu.externaltools.gnu-tools-for-stm32.14.3.rel1.win32_1.0.100.202602081740/tools/bin/../lib/gcc/arm-none-eabi/14.3.1/../../../../arm-none-eabi/lib/thumb/v8-m.main+fp/hard\libc_nano.a(libc_a-impure.o)
                              C:/ST/STM32CubeIDE_2.1.0/STM32CubeIDE/plugins/com.st.stm32cube.ide.mcu.externaltools.gnu-tools-for-stm32.14.3.rel1.win32_1.0.100.202602081740/tools/bin/../lib/gcc/arm-none-eabi/14.3.1/../../../../arm-none-eabi/lib/thumb/v8-m.main+fp/hard\libc_nano.a(libc_a-reent.o) (_impure_ptr)
C:/ST/STM32CubeIDE_2.1.0/STM32CubeIDE/plugins/com.st.stm32cube.ide.mcu.externaltools.gnu-tools-for-stm32.14.3.rel1.win32_1.0.100.202602081740/tools/bin/../lib/gcc/arm-none-eabi/14.3.1/../../../../arm-none-eabi/lib/thumb/v8-m.main+fp/hard\libc_nano.a(libc_a-lseekr.o)
[...]
Memory Configuration

Name             Origin             Length             Attributes
RAM              0x20000000         0x000c0000         xrw
SRAM4            0x28000000         0x00004000         xrw
FLASH            0x08000000         0x00200000         xr
*default*        0x00000000         0xffffffff

Linker script and memory map

LOAD C:/ST/STM32CubeIDE_2.1.0/STM32CubeIDE/plugins/com.st.stm32cube.ide.mcu.externaltools.gnu-tools-for-stm32.14.3.rel1.win32_1.0.100.202602081740/tools/bin/../lib/gcc/arm-none-eabi/14.3.1/thumb/v8-m.main+fp/hard/crti.o
LOAD C:/ST/STM32CubeIDE_2.1.0/STM32CubeIDE/plugins/com.st.stm32cube.ide.mcu.externaltools.gnu-tools-for-stm32.14.3.rel1.win32_1.0.100.202602081740/tools/bin/../lib/gcc/arm-none-eabi/14.3.1/thumb/v8-m.main+fp/hard/crtbegin.o
LOAD C:/ST/STM32CubeIDE_2.1.0/STM32CubeIDE/plugins/com.st.stm32cube.ide.mcu.externaltools.gnu-tools-for-stm32.14.3.rel1.win32_1.0.100.202602081740/tools/bin/../lib/gcc/arm-none-eabi/14.3.1/../../../../arm-none-eabi/lib/thumb/v8-m.main+fp/hard/crt0.o
LOAD ./Core/Src/app_freertos.o
LOAD ./Core/Src/main.o
LOAD ./Core/Src/stm32u5xx_hal_msp.o
LOAD ./Core/Src/stm32u5xx_hal_timebase_tim.o
LOAD ./Core/Src/stm32u5xx_it.o
LOAD ./Core/Src/syscalls.o
LOAD ./Core/Src/sysmem.o
LOAD ./Core/Src/system_stm32u5xx.o
LOAD ./Core/Startup/startup_stm32u575zitxq.o
LOAD ./Drivers/BSP/STM32U5xx_Nucleo/stm32u5xx_nucleo.o
LOAD ./Drivers/STM32U5xx_HAL_Driver/Src/stm32u5xx_hal.o
LOAD ./Drivers/STM32U5xx_HAL_Driver/Src/stm32u5xx_hal_cortex.o
LOAD ./Drivers/STM32U5xx_HAL_Driver/Src/stm32u5xx_hal_dma.o
LOAD ./Drivers/STM32U5xx_HAL_Driver/Src/stm32u5xx_hal_dma_ex.o
LOAD ./Drivers/STM32U5xx_HAL_Driver/Src/stm32u5xx_hal_exti.o
LOAD ./Drivers/STM32U5xx_HAL_Driver/Src/stm32u5xx_hal_flash.o
LOAD ./Drivers/STM32U5xx_HAL_Driver/Src/stm32u5xx_hal_flash_ex.o
LOAD ./Drivers/STM32U5xx_HAL_Driver/Src/stm32u5xx_hal_gpio.o
LOAD ./Drivers/STM32U5xx_HAL_Driver/Src/stm32u5xx_hal_gtzc.o
LOAD ./Drivers/STM32U5xx_HAL_Driver/Src/stm32u5xx_hal_i2c.o
LOAD ./Drivers/STM32U5xx_HAL_Driver/Src/stm32u5xx_hal_i2c_ex.o
LOAD ./Drivers/STM32U5xx_HAL_Driver/Src/stm32u5xx_hal_icache.o
LOAD ./Drivers/STM32U5xx_HAL_Driver/Src/stm32u5xx_hal_pwr.o
LOAD ./Drivers/STM32U5xx_HAL_Driver/Src/stm32u5xx_hal_pwr_ex.o
LOAD ./Drivers/STM32U5xx_HAL_Driver/Src/stm32u5xx_hal_rcc.o
LOAD ./Drivers/STM32U5xx_HAL_Driver/Src/stm32u5xx_hal_rcc_ex.o
LOAD ./Drivers/STM32U5xx_HAL_Driver/Src/stm32u5xx_hal_tim.o
LOAD ./Drivers/STM32U5xx_HAL_Driver/Src/stm32u5xx_hal_tim_ex.o
LOAD ./Drivers/STM32U5xx_HAL_Driver/Src/stm32u5xx_hal_uart.o
LOAD ./Drivers/STM32U5xx_HAL_Driver/Src/stm32u5xx_hal_uart_ex.o
LOAD ./Drivers/STM32U5xx_HAL_Driver/Src/stm32u5xx_hal_usart.o
LOAD ./Drivers/STM32U5xx_HAL_Driver/Src/stm32u5xx_hal_usart_ex.o
LOAD ./Middlewares/Third_Party/FreeRTOS/Source/CMSIS_RTOS_V2/cmsis_os2.o
LOAD ./Middlewares/Third_Party/FreeRTOS/Source/croutine.o
LOAD ./Middlewares/Third_Party/FreeRTOS/Source/event_groups.o
LOAD ./Middlewares/Third_Party/FreeRTOS/Source/list.o
LOAD ./Middlewares/Third_Party/FreeRTOS/Source/queue.o
LOAD ./Middlewares/Third_Party/FreeRTOS/Source/stream_buffer.o
LOAD ./Middlewares/Third_Party/FreeRTOS/Source/tasks.o
LOAD ./Middlewares/Third_Party/FreeRTOS/Source/timers.o
LOAD ./Middlewares/Third_Party/FreeRTOS/Source/portable/GCC/ARM_CM33_NTZ/non_secure/port.o
LOAD ./Middlewares/Third_Party/FreeRTOS/Source/portable/GCC/ARM_CM33_NTZ/non_secure/portasm.o
LOAD ./Middlewares/Third_Party/FreeRTOS/Source/portable/MemMang/heap_4.o
START GROUP
LOAD C:/ST/STM32CubeIDE_2.1.0/STM32CubeIDE/plugins/com.st.stm32cube.ide.mcu.externaltools.gnu-tools-for-stm32.14.3.rel1.win32_1.0.100.202602081740/tools/bin/../lib/gcc/arm-none-eabi/14.3.1/../../../../arm-none-eabi/lib/thumb/v8-m.main+fp/hard\libc_nano.a
LOAD C:/ST/STM32CubeIDE_2.1.0/STM32CubeIDE/plugins/com.st.stm32cube.ide.mcu.externaltools.gnu-tools-for-stm32.14.3.rel1.win32_1.0.100.202602081740/tools/bin/../lib/gcc/arm-none-eabi/14.3.1/../../../../arm-none-eabi/lib/thumb/v8-m.main+fp/hard\libm.a
END GROUP
START GROUP
LOAD C:/ST/STM32CubeIDE_2.1.0/STM32CubeIDE/plugins/com.st.stm32cube.ide.mcu.externaltools.gnu-tools-for-stm32.14.3.rel1.win32_1.0.100.202602081740/tools/bin/../lib/gcc/arm-none-eabi/14.3.1/thumb/v8-m.main+fp/hard\libgcc.a
LOAD C:/ST/STM32CubeIDE_2.1.0/STM32CubeIDE/plugins/com.st.stm32cube.ide.mcu.externaltools.gnu-tools-for-stm32.14.3.rel1.win32_1.0.100.202602081740/tools/bin/../lib/gcc/arm-none-eabi/14.3.1/../../../../arm-none-eabi/lib/thumb/v8-m.main+fp/hard\libc_nano.a
END GROUP
START GROUP
LOAD C:/ST/STM32CubeIDE_2.1.0/STM32CubeIDE/plugins/com.st.stm32cube.ide.mcu.externaltools.gnu-tools-for-stm32.14.3.rel1.win32_1.0.100.202602081740/tools/bin/../lib/gcc/arm-none-eabi/14.3.1/thumb/v8-m.main+fp/hard\libgcc.a
LOAD C:/ST/STM32CubeIDE_2.1.0/STM32CubeIDE/plugins/com.st.stm32cube.ide.mcu.externaltools.gnu-tools-for-stm32.14.3.rel1.win32_1.0.100.202602081740/tools/bin/../lib/gcc/arm-none-eabi/14.3.1/../../../../arm-none-eabi/lib/thumb/v8-m.main+fp/hard\libc_nano.a
LOAD C:/ST/STM32CubeIDE_2.1.0/STM32CubeIDE/plugins/com.st.stm32cube.ide.mcu.externaltools.gnu-tools-for-stm32.14.3.rel1.win32_1.0.100.202602081740/tools/bin/../lib/gcc/arm-none-eabi/14.3.1/../../../../arm-none-eabi/lib/thumb/v8-m.main+fp/hard\libnosys.a
END GROUP
START GROUP
LOAD C:/ST/STM32CubeIDE_2.1.0/STM32CubeIDE/plugins/com.st.stm32cube.ide.mcu.externaltools.gnu-tools-for-stm32.14.3.rel1.win32_1.0.100.202602081740/tools/bin/../lib/gcc/arm-none-eabi/14.3.1/thumb/v8-m.main+fp/hard\libgcc.a
LOAD C:/ST/STM32CubeIDE_2.1.0/STM32CubeIDE/plugins/com.st.stm32cube.ide.mcu.externaltools.gnu-tools-for-stm32.14.3.rel1.win32_1.0.100.202602081740/tools/bin/../lib/gcc/arm-none-eabi/14.3.1/../../../../arm-none-eabi/lib/thumb/v8-m.main+fp/hard\libc_nano.a
LOAD C:/ST/STM32CubeIDE_2.1.0/STM32CubeIDE/plugins/com.st.stm32cube.ide.mcu.externaltools.gnu-tools-for-stm32.14.3.rel1.win32_1.0.100.202602081740/tools/bin/../lib/gcc/arm-none-eabi/14.3.1/../../../../arm-none-eabi/lib/thumb/v8-m.main+fp/hard\libnosys.a
END GROUP
LOAD C:/ST/STM32CubeIDE_2.1.0/STM32CubeIDE/plugins/com.st.stm32cube.ide.mcu.externaltools.gnu-tools-for-stm32.14.3.rel1.win32_1.0.100.202602081740/tools/bin/../lib/gcc/arm-none-eabi/14.3.1/thumb/v8-m.main+fp/hard/crtend.o
LOAD C:/ST/STM32CubeIDE_2.1.0/STM32CubeIDE/plugins/com.st.stm32cube.ide.mcu.externaltools.gnu-tools-for-stm32.14.3.rel1.win32_1.0.100.202602081740/tools/bin/../lib/gcc/arm-none-eabi/14.3.1/thumb/v8-m.main+fp/hard/crtn.o
                0x200c0000                        _estack = (ORIGIN (RAM) + LENGTH (RAM))
                0x200bfc00                        _sstack = (_estack - _Min_Stack_Size)
                0x00000200                        _Min_Heap_Size = 0x200
                0x00000400                        _Min_Stack_Size = 0x400

.isr_vector     0x08000000      0x238
 *(.isr_vector)
 .isr_vector    0x08000000      0x238 ./Core/Startup/startup_stm32u575zitxq.o
                0x08000000                g_pfnVectors

.text           0x08000238     0x7fc0
 *(.text)
 .text          0x08000238       0x40 C:/ST/STM32CubeIDE_2.1.0/STM32CubeIDE/plugins/com.st.stm32cube.ide.mcu.externaltools.gnu-tools-for-stm32.14.3.rel1.win32_1.0.100.202602081740/tools/bin/../lib/gcc/arm-none-eabi/14.3.1/thumb/v8-m.main+fp/hard/crtbegin.o
 .text          0x08000278       0x30 C:/ST/STM32CubeIDE_2.1.0/STM32CubeIDE/plugins/com.st.stm32cube.ide.mcu.externaltools.gnu-tools-for-stm32.14.3.rel1.win32_1.0.100.202602081740/tools/bin/../lib/gcc/arm-none-eabi/14.3.1/thumb/v8-m.main+fp/hard\libgcc.a(_aeabi_uldivmod.o)
                0x08000278                __aeabi_uldivmod
 .text          0x080002a8      0x34c C:/ST/STM32CubeIDE_2.1.0/STM32CubeIDE/plugins/com.st.stm32cube.ide.mcu.externaltools.gnu-tools-for-stm32.14.3.rel1.win32_1.0.100.202602081740/tools/bin/../lib/gcc/arm-none-eabi/14.3.1/thumb/v8-m.main+fp/hard\libgcc.a(_udivmoddi4.o)
                0x080002a8                __udivmoddi4
 .text          0x080005f4        0x4 C:/ST/STM32CubeIDE_2.1.0/STM32CubeIDE/plugins/com.st.stm32cube.ide.mcu.externaltools.gnu-tools-for-stm32.14.3.rel1.win32_1.0.100.202602081740/tools/bin/../lib/gcc/arm-none-eabi/14.3.1/thumb/v8-m.main+fp/hard\libgcc.a(_dvmd_tls.o)
                0x080005f4                __aeabi_idiv0
                0x080005f4                __aeabi_ldiv0
 *(.text*)
 .text.MX_FREERTOS_Init
                0x080005f8       0x24 ./Core/Src/app_freertos.o
                0x080005f8                MX_FREERTOS_Init
 .text.StartDefaultTask
                0x0800061c       0x10 ./Core/Src/app_freertos.o
                0x0800061c                StartDefaultTask
 .text.main     0x0800062c       0x78 ./Core/Src/main.o
                0x0800062c                main
 .text.SystemClock_Config
                0x080006a4       0x92 ./Core/Src/main.o
                0x080006a4                SystemClock_Config
 .text.SystemPower_Config
                0x08000736       0x1c ./Core/Src/main.o
 .text.MX_ICACHE_Init
                0x08000752       0x26 ./Core/Src/main.o
 .text.MX_GPIO_Init
                0x08000778       0x70 ./Core/Src/main.o
 .text.HAL_TIM_PeriodElapsedCallback
                0x080007e8       0x24 ./Core/Src/main.o
                0x080007e8                HAL_TIM_PeriodElapsedCallback
 .text.Error_Handler
                0x0800080c        0xc ./Core/Src/main.o
                0x0800080c                Error_Handler
 .text.HAL_MspInit
                0x08000818       0x3c ./Core/Src/stm32u5xx_hal_msp.o
                0x08000818                HAL_MspInit
 .text.HAL_InitTick
                0x08000854       0xe0 ./Core/Src/stm32u5xx_hal_timebase_tim.o
                0x08000854                HAL_InitTick
 .text.NMI_Handler
                0x08000934        0x8 ./Core/Src/stm32u5xx_it.o
                0x08000934                NMI_Handler
 .text.HardFault_Handler
                0x0800093c        0x8 ./Core/Src/stm32u5xx_it.o
                0x0800093c                HardFault_Handler
 .text.MemManage_Handler
                0x08000944        0x8 ./Core/Src/stm32u5xx_it.o
                0x08000944                MemManage_Handler
 .text.BusFault_Handler
                0x0800094c        0x8 ./Core/Src/stm32u5xx_it.o
                0x0800094c                BusFault_Handler
 .text.UsageFault_Handler
                0x08000954        0x8 ./Core/Src/stm32u5xx_it.o
                0x08000954                UsageFault_Handler
 .text.DebugMon_Handler
                0x0800095c        0xe ./Core/Src/stm32u5xx_it.o
                0x0800095c                DebugMon_Handler
 .text.EXTI13_IRQHandler
                0x0800096a        0xe ./Core/Src/stm32u5xx_it.o
                0x0800096a                EXTI13_IRQHandler
 .text.TIM17_IRQHandler
                0x08000978       0x14 ./Core/Src/stm32u5xx_it.o
                0x08000978                TIM17_IRQHandler
 .text.SystemInit
                0x0800098c       0x70 ./Core/Src/system_stm32u5xx.o
                0x0800098c                SystemInit
 .text.Reset_Handler
                0x080009fc       0x50 ./Core/Startup/startup_stm32u575zitxq.o
                0x080009fc                Reset_Handler
 .text.Default_Handler
                0x08000a4c        0x2 ./Core/Startup/startup_stm32u575zitxq.o
                0x08000a4c                EXTI2_IRQHandler
                0x08000a4c                TIM8_TRG_COM_IRQHandler
                0x08000a4c                TIM8_CC_IRQHandler
                0x08000a4c                EXTI5_IRQHandler
                0x08000a4c                FLASH_S_IRQHandler
                0x08000a4c                TIM1_CC_IRQHandler
                0x08000a4c                TSC_IRQHandler
                0x08000a4c                TAMP_IRQHandler
                0x08000a4c                TIM6_IRQHandler
                0x08000a4c                EXTI12_IRQHandler
                0x08000a4c                CORDIC_IRQHandler
                0x08000a4c                EXTI3_IRQHandler
                0x08000a4c                LPTIM4_IRQHandler
                0x08000a4c                GPDMA1_Channel5_IRQHandler
                0x08000a4c                EXTI8_IRQHandler
                0x08000a4c                LPTIM2_IRQHandler
                0x08000a4c                I2C3_ER_IRQHandler
                0x08000a4c                PWR_S3WU_IRQHandler
                0x08000a4c                MDF1_FLT2_IRQHandler
                0x08000a4c                LPDMA1_Channel3_IRQHandler
                0x08000a4c                LPTIM3_IRQHandler
                0x08000a4c                EXTI0_IRQHandler
                0x08000a4c                I2C2_EV_IRQHandler
                0x08000a4c                FPU_IRQHandler
                0x08000a4c                GPDMA1_Channel3_IRQHandler
                0x08000a4c                GPDMA1_Channel7_IRQHandler
                0x08000a4c                MDF1_FLT4_IRQHandler
                0x08000a4c                FDCAN1_IT1_IRQHandler
                0x08000a4c                RAMCFG_IRQHandler
                0x08000a4c                GPDMA1_Channel9_IRQHandler
                0x08000a4c                DCACHE1_IRQHandler
                0x08000a4c                SPI1_IRQHandler
                0x08000a4c                OCTOSPI1_IRQHandler
                0x08000a4c                GPDMA1_Channel2_IRQHandler
                0x08000a4c                TIM8_UP_IRQHandler
                0x08000a4c                RCC_S_IRQHandler
                0x08000a4c                OCTOSPI2_IRQHandler
                0x08000a4c                SAI2_IRQHandler
                0x08000a4c                MDF1_FLT1_IRQHandler
                0x08000a4c                ADC1_IRQHandler
                0x08000a4c                MDF1_FLT5_IRQHandler
                0x08000a4c                EXTI15_IRQHandler
                0x08000a4c                USART3_IRQHandler
                0x08000a4c                RTC_IRQHandler
                0x08000a4c                EXTI9_IRQHandler
                0x08000a4c                UART5_IRQHandler
                0x08000a4c                TIM4_IRQHandler
                0x08000a4c                I2C1_EV_IRQHandler
                0x08000a4c                GPDMA1_Channel12_IRQHandler
                0x08000a4c                GPDMA1_Channel1_IRQHandler
                0x08000a4c                TIM16_IRQHandler
                0x08000a4c                GPDMA1_Channel15_IRQHandler
                0x08000a4c                UART4_IRQHandler
                0x08000a4c                SecureFault_Handler
                0x08000a4c                TIM3_IRQHandler
                0x08000a4c                RCC_IRQHandler
                0x08000a4c                TIM1_TRG_COM_IRQHandler
                0x08000a4c                Default_Handler
                0x08000a4c                GPDMA1_Channel8_IRQHandler
                0x08000a4c                FMAC_IRQHandler
                0x08000a4c                GPDMA1_Channel11_IRQHandler
                0x08000a4c                TIM7_IRQHandler
                0x08000a4c                SDMMC1_IRQHandler
                0x08000a4c                TIM5_IRQHandler
                0x08000a4c                UCPD1_IRQHandler
                0x08000a4c                GPDMA1_Channel0_IRQHandler
                0x08000a4c                TIM15_IRQHandler
                0x08000a4c                I2C3_EV_IRQHandler
                0x08000a4c                LPDMA1_Channel0_IRQHandler
                0x08000a4c                PVD_PVM_IRQHandler
                0x08000a4c                SPI2_IRQHandler
                0x08000a4c                LPDMA1_Channel1_IRQHandler
                0x08000a4c                EXTI14_IRQHandler
                0x08000a4c                EXTI11_IRQHandler
                0x08000a4c                CRS_IRQHandler
                0x08000a4c                GPDMA1_Channel14_IRQHandler
                0x08000a4c                LSECSSD_IRQHandler
                0x08000a4c                EXTI4_IRQHandler
                0x08000a4c                RTC_S_IRQHandler
                0x08000a4c                GPDMA1_Channel13_IRQHandler
                0x08000a4c                RNG_IRQHandler
                0x08000a4c                COMP_IRQHandler
                0x08000a4c                TIM1_UP_IRQHandler
                0x08000a4c                ADC4_IRQHandler
                0x08000a4c                WWDG_IRQHandler
                0x08000a4c                I2C4_EV_IRQHandler
                0x08000a4c                ADF1_IRQHandler
                0x08000a4c                IWDG_IRQHandler
                0x08000a4c                LPUART1_IRQHandler
                0x08000a4c                MDF1_FLT0_IRQHandler
                0x08000a4c                FDCAN1_IT0_IRQHandler
                0x08000a4c                TIM2_IRQHandler
                0x08000a4c                GPDMA1_Channel4_IRQHandler
                0x08000a4c                EXTI7_IRQHandler
                0x08000a4c                DMA2D_IRQHandler
                0x08000a4c                TIM1_BRK_IRQHandler
                0x08000a4c                EXTI1_IRQHandler
                0x08000a4c                SDMMC2_IRQHandler
                0x08000a4c                DAC1_IRQHandler
                0x08000a4c                GTZC_IRQHandler
                0x08000a4c                MDF1_FLT3_IRQHandler
                0x08000a4c                USART2_IRQHandler
                0x08000a4c                GPDMA1_Channel6_IRQHandler
                0x08000a4c                I2C2_ER_IRQHandler
                0x08000a4c                TIM8_BRK_IRQHandler
                0x08000a4c                FLASH_IRQHandler
                0x08000a4c                USART1_IRQHandler
                0x08000a4c                EXTI10_IRQHandler
                0x08000a4c                OTG_FS_IRQHandler
                0x08000a4c                SPI3_IRQHandler
                0x08000a4c                LPDMA1_Channel2_IRQHandler
                0x08000a4c                I2C1_ER_IRQHandler
                0x08000a4c                FMC_IRQHandler
                0x08000a4c                EXTI6_IRQHandler
                0x08000a4c                LPTIM1_IRQHandler
                0x08000a4c                DCMI_PSSI_IRQHandler
                0x08000a4c                I2C4_ER_IRQHandler
                0x08000a4c                GPDMA1_Channel10_IRQHandler
                0x08000a4c                ICACHE_IRQHandler
                0x08000a4c                SAI1_IRQHandler
                0x08000a4c                HASH_IRQHandler
 *fill*         0x08000a4e        0x2 
 .text.BSP_LED_Init
                0x08000a50      0x120 ./Drivers/BSP/STM32U5xx_Nucleo/stm32u5xx_nucleo.o
                0x08000a50                BSP_LED_Init
 .text.BSP_PB_Init
                0x08000b70       0xf0 ./Drivers/BSP/STM32U5xx_Nucleo/stm32u5xx_nucleo.o
                0x08000b70                BSP_PB_Init
 .text.BSP_PB_IRQHandler
                0x08000c60       0x2c ./Drivers/BSP/STM32U5xx_Nucleo/stm32u5xx_nucleo.o
                0x08000c60                BSP_PB_IRQHandler
 .text.BSP_PB_Callback
                0x08000c8c       0x16 ./Drivers/BSP/STM32U5xx_Nucleo/stm32u5xx_nucleo.o
                0x08000c8c                BSP_PB_Callback
 *fill*         0x08000ca2        0x2 
 .text.BSP_COM_Init
                0x08000ca4       0x60 ./Drivers/BSP/STM32U5xx_Nucleo/stm32u5xx_nucleo.o
                0x08000ca4                BSP_COM_Init
 .text.MX_USART1_Init
                0x08000d04       0x68 ./Drivers/BSP/STM32U5xx_Nucleo/stm32u5xx_nucleo.o
                0x08000d04                MX_USART1_Init
 .text.BUTTON_USER_EXTI_Callback
                0x08000d6c        0xe ./Drivers/BSP/STM32U5xx_Nucleo/stm32u5xx_nucleo.o
 *fill*         0x08000d7a        0x2 
 .text.COM1_MspInit
                0x08000d7c       0xb0 ./Drivers/BSP/STM32U5xx_Nucleo/stm32u5xx_nucleo.o
 .text.HAL_Init
                0x08000e2c       0x60 ./Drivers/STM32U5xx_HAL_Driver/Src/stm32u5xx_hal.o
                0x08000e2c                HAL_Init
 .text.HAL_IncTick
                0x08000e8c       0x28 ./Drivers/STM32U5xx_HAL_Driver/Src/stm32u5xx_hal.o
                0x08000e8c                HAL_IncTick
 .text.HAL_GetTick
                0x08000eb4       0x18 ./Drivers/STM32U5xx_HAL_Driver/Src/stm32u5xx_hal.o
                0x08000eb4                HAL_GetTick
 .text.__NVIC_SetPriorityGrouping
                0x08000ecc       0x48 ./Drivers/STM32U5xx_HAL_Driver/Src/stm32u5xx_hal_cortex.o
 .text.__NVIC_GetPriorityGrouping
                0x08000f14       0x1c ./Drivers/STM32U5xx_HAL_Driver/Src/stm32u5xx_hal_cortex.o
 .text.__NVIC_EnableIRQ
                0x08000f30       0x3c ./Drivers/STM32U5xx_HAL_Driver/Src/stm32u5xx_hal_cortex.o
 .text.__NVIC_SetPriority
                0x08000f6c       0x54 ./Drivers/STM32U5xx_HAL_Driver/Src/stm32u5xx_hal_cortex.o
 .text.NVIC_EncodePriority
                0x08000fc0       0x66 ./Drivers/STM32U5xx_HAL_Driver/Src/stm32u5xx_hal_cortex.o
 .text.HAL_NVIC_SetPriorityGrouping
                0x08001026       0x16 ./Drivers/STM32U5xx_HAL_Driver/Src/stm32u5xx_hal_cortex.o
                0x08001026                HAL_NVIC_SetPriorityGrouping
 .text.HAL_NVIC_SetPriority
                0x0800103c       0x34 ./Drivers/STM32U5xx_HAL_Driver/Src/stm32u5xx_hal_cortex.o
                0x0800103c                HAL_NVIC_SetPriority
 .text.HAL_NVIC_EnableIRQ
                0x08001070       0x1c ./Drivers/STM32U5xx_HAL_Driver/Src/stm32u5xx_hal_cortex.o
                0x08001070                HAL_NVIC_EnableIRQ
 .text.HAL_SYSTICK_CLKSourceConfig
                0x0800108c       0xb0 ./Drivers/STM32U5xx_HAL_Driver/Src/stm32u5xx_hal_cortex.o
                0x0800108c                HAL_SYSTICK_CLKSourceConfig
 .text.HAL_EXTI_RegisterCallback
                0x0800113c       0x58 ./Drivers/STM32U5xx_HAL_Driver/Src/stm32u5xx_hal_exti.o
                0x0800113c                HAL_EXTI_RegisterCallback
 .text.HAL_EXTI_GetHandle
                0x08001194       0x28 ./Drivers/STM32U5xx_HAL_Driver/Src/stm32u5xx_hal_exti.o
                0x08001194                HAL_EXTI_GetHandle
 .text.HAL_EXTI_IRQHandler
                0x080011bc       0x90 ./Drivers/STM32U5xx_HAL_Driver/Src/stm32u5xx_hal_exti.o
                0x080011bc                HAL_EXTI_IRQHandler
 .text.HAL_GPIO_Init
                0x0800124c      0x3c0 ./Drivers/STM32U5xx_HAL_Driver/Src/stm32u5xx_hal_gpio.o
                0x0800124c                HAL_GPIO_Init
 .text.HAL_ICACHE_ConfigAssociativityMode
                0x0800160c       0x40 ./Drivers/STM32U5xx_HAL_Driver/Src/stm32u5xx_hal_icache.o
                0x0800160c                HAL_ICACHE_ConfigAssociativityMode
 .text.HAL_ICACHE_Enable
                0x0800164c       0x20 ./Drivers/STM32U5xx_HAL_Driver/Src/stm32u5xx_hal_icache.o
                0x0800164c                HAL_ICACHE_Enable
 .text.HAL_PWREx_ControlVoltageScaling
                0x0800166c       0xfc ./Drivers/STM32U5xx_HAL_Driver/Src/stm32u5xx_hal_pwr_ex.o
                0x0800166c                HAL_PWREx_ControlVoltageScaling
 .text.HAL_PWREx_GetVoltageRange
                0x08001768       0x1c ./Drivers/STM32U5xx_HAL_Driver/Src/stm32u5xx_hal_pwr_ex.o
                0x08001768                HAL_PWREx_GetVoltageRange
 .text.HAL_PWREx_ConfigSupply
                0x08001784       0xa0 ./Drivers/STM32U5xx_HAL_Driver/Src/stm32u5xx_hal_pwr_ex.o
                0x08001784                HAL_PWREx_ConfigSupply
 .text.HAL_PWREx_EnableVddIO2
                0x08001824       0x20 ./Drivers/STM32U5xx_HAL_Driver/Src/stm32u5xx_hal_pwr_ex.o
                0x08001824                HAL_PWREx_EnableVddIO2
 .text.HAL_PWREx_DisableUCPDDeadBattery
                0x08001844       0x20 ./Drivers/STM32U5xx_HAL_Driver/Src/stm32u5xx_hal_pwr_ex.o
                0x08001844                HAL_PWREx_DisableUCPDDeadBattery
 .text.HAL_RCC_OscConfig
                0x08001864      0xdb8 ./Drivers/STM32U5xx_HAL_Driver/Src/stm32u5xx_hal_rcc.o
                0x08001864                HAL_RCC_OscConfig
 .text.HAL_RCC_ClockConfig
                0x0800261c      0x3e4 ./Drivers/STM32U5xx_HAL_Driver/Src/stm32u5xx_hal_rcc.o
                0x0800261c                HAL_RCC_ClockConfig
 .text.HAL_RCC_GetSysClockFreq
                0x08002a00      0x204 ./Drivers/STM32U5xx_HAL_Driver/Src/stm32u5xx_hal_rcc.o
                0x08002a00                HAL_RCC_GetSysClockFreq
 .text.HAL_RCC_GetHCLKFreq
                0x08002c04       0x34 ./Drivers/STM32U5xx_HAL_Driver/Src/stm32u5xx_hal_rcc.o
                0x08002c04                HAL_RCC_GetHCLKFreq
 .text.HAL_RCC_GetPCLK1Freq
                0x08002c38       0x28 ./Drivers/STM32U5xx_HAL_Driver/Src/stm32u5xx_hal_rcc.o
                0x08002c38                HAL_RCC_GetPCLK1Freq
 .text.HAL_RCC_GetPCLK2Freq
                0x08002c60       0x28 ./Drivers/STM32U5xx_HAL_Driver/Src/stm32u5xx_hal_rcc.o
                0x08002c60                HAL_RCC_GetPCLK2Freq
 .text.HAL_RCC_GetPCLK3Freq
                0x08002c88       0x28 ./Drivers/STM32U5xx_HAL_Driver/Src/stm32u5xx_hal_rcc.o
                0x08002c88                HAL_RCC_GetPCLK3Freq
 .text.HAL_RCC_GetClockConfig
                0x08002cb0       0x70 ./Drivers/STM32U5xx_HAL_Driver/Src/stm32u5xx_hal_rcc.o
                0x08002cb0                HAL_RCC_GetClockConfig
 .text.RCC_SetFlashLatencyFromMSIRange
                0x08002d20      0x10c ./Drivers/STM32U5xx_HAL_Driver/Src/stm32u5xx_hal_rcc.o
 .text.HAL_RCCEx_GetPLL1ClockFreq
                0x08002e2c      0x2b4 ./Drivers/STM32U5xx_HAL_Driver/Src/stm32u5xx_hal_rcc_ex.o
                0x08002e2c                HAL_RCCEx_GetPLL1ClockFreq
 .text.HAL_RCCEx_GetPLL2ClockFreq
                0x080030e0      0x2b4 ./Drivers/STM32U5xx_HAL_Driver/Src/stm32u5xx_hal_rcc_ex.o
                0x080030e0                HAL_RCCEx_GetPLL2ClockFreq
 .text.HAL_RCCEx_GetPLL3ClockFreq
                0x08003394      0x2b4 ./Drivers/STM32U5xx_HAL_Driver/Src/stm32u5xx_hal_rcc_ex.o
                0x08003394                HAL_RCCEx_GetPLL3ClockFreq
 .text.HAL_RCCEx_GetPeriphCLKFreq
                0x08003648     0x136c ./Drivers/STM32U5xx_HAL_Driver/Src/stm32u5xx_hal_rcc_ex.o
                0x08003648                HAL_RCCEx_GetPeriphCLKFreq
 .text.HAL_TIM_Base_Init
                0x080049b4       0xae ./Drivers/STM32U5xx_HAL_Driver/Src/stm32u5xx_hal_tim.o
                0x080049b4                HAL_TIM_Base_Init
 .text.HAL_TIM_Base_MspInit
                0x08004a62       0x14 ./Drivers/STM32U5xx_HAL_Driver/Src/stm32u5xx_hal_tim.o
                0x08004a62                HAL_TIM_Base_MspInit
 *fill*         0x08004a76        0x2 
 .text.HAL_TIM_Base_Start_IT
                0x08004a78      0x140 ./Drivers/STM32U5xx_HAL_Driver/Src/stm32u5xx_hal_tim.o
                0x08004a78                HAL_TIM_Base_Start_IT
 .text.HAL_TIM_IRQHandler
                0x08004bb8      0x29e ./Drivers/STM32U5xx_HAL_Driver/Src/stm32u5xx_hal_tim.o
                0x08004bb8                HAL_TIM_IRQHandler
 .text.HAL_TIM_OC_DelayElapsedCallback
                0x08004e56       0x14 ./Drivers/STM32U5xx_HAL_Driver/Src/stm32u5xx_hal_tim.o
                0x08004e56                HAL_TIM_OC_DelayElapsedCallback
 .text.HAL_TIM_IC_CaptureCallback
                0x08004e6a       0x14 ./Drivers/STM32U5xx_HAL_Driver/Src/stm32u5xx_hal_tim.o
                0x08004e6a                HAL_TIM_IC_CaptureCallback
 .text.HAL_TIM_PWM_PulseFinishedCallback
                0x08004e7e       0x14 ./Drivers/STM32U5xx_HAL_Driver/Src/stm32u5xx_hal_tim.o
                0x08004e7e                HAL_TIM_PWM_PulseFinishedCallback
 .text.HAL_TIM_TriggerCallback
                0x08004e92       0x14 ./Drivers/STM32U5xx_HAL_Driver/Src/stm32u5xx_hal_tim.o
                0x08004e92                HAL_TIM_TriggerCallback
 *fill*         0x08004ea6        0x2 
 .text.TIM_Base_SetConfig
                0x08004ea8      0x200 ./Drivers/STM32U5xx_HAL_Driver/Src/stm32u5xx_hal_tim.o
                0x08004ea8                TIM_Base_SetConfig
 .text.HAL_TIMEx_CommutCallback
                0x080050a8       0x14 ./Drivers/STM32U5xx_HAL_Driver/Src/stm32u5xx_hal_tim_ex.o
                0x080050a8                HAL_TIMEx_CommutCallback
 .text.HAL_TIMEx_BreakCallback
                0x080050bc       0x14 ./Drivers/STM32U5xx_HAL_Driver/Src/stm32u5xx_hal_tim_ex.o
                0x080050bc                HAL_TIMEx_BreakCallback
 .text.HAL_TIMEx_Break2Callback
                0x080050d0       0x14 ./Drivers/STM32U5xx_HAL_Driver/Src/stm32u5xx_hal_tim_ex.o
                0x080050d0                HAL_TIMEx_Break2Callback
 .text.HAL_TIMEx_EncoderIndexCallback
                0x080050e4       0x14 ./Drivers/STM32U5xx_HAL_Driver/Src/stm32u5xx_hal_tim_ex.o
                0x080050e4                HAL_TIMEx_EncoderIndexCallback
 .text.HAL_TIMEx_DirectionChangeCallback
                0x080050f8       0x14 ./Drivers/STM32U5xx_HAL_Driver/Src/stm32u5xx_hal_tim_ex.o
                0x080050f8                HAL_TIMEx_DirectionChangeCallback
 .text.HAL_TIMEx_IndexErrorCallback
                0x0800510c       0x14 ./Drivers/STM32U5xx_HAL_Driver/Src/stm32u5xx_hal_tim_ex.o
                0x0800510c                HAL_TIMEx_IndexErrorCallback
 .text.HAL_TIMEx_TransitionErrorCallback
                0x08005120       0x14 ./Drivers/STM32U5xx_HAL_Driver/Src/stm32u5xx_hal_tim_ex.o
                0x08005120                HAL_TIMEx_TransitionErrorCallback
 .text.HAL_UART_Init
                0x08005134       0xa0 ./Drivers/STM32U5xx_HAL_Driver/Src/stm32u5xx_hal_uart.o
                0x08005134                HAL_UART_Init
 .text.HAL_UART_MspInit
                0x080051d4       0x14 ./Drivers/STM32U5xx_HAL_Driver/Src/stm32u5xx_hal_uart.o
                0x080051d4                HAL_UART_MspInit
 .text.UART_SetConfig
                0x080051e8      0x344 ./Drivers/STM32U5xx_HAL_Driver/Src/stm32u5xx_hal_uart.o
                0x080051e8                UART_SetConfig
 .text.UART_AdvFeatureConfig
                0x0800552c      0x144 ./Drivers/STM32U5xx_HAL_Driver/Src/stm32u5xx_hal_uart.o
                0x0800552c                UART_AdvFeatureConfig
 .text.UART_CheckIdleState
                0x08005670      0x154 ./Drivers/STM32U5xx_HAL_Driver/Src/stm32u5xx_hal_uart.o
                0x08005670                UART_CheckIdleState
 .text.UART_WaitOnFlagUntilTimeout
                0x080057c4       0xda ./Drivers/STM32U5xx_HAL_Driver/Src/stm32u5xx_hal_uart.o
                0x080057c4                UART_WaitOnFlagUntilTimeout
 .text.UART_EndRxTransfer
                0x0800589e       0xcc ./Drivers/STM32U5xx_HAL_Driver/Src/stm32u5xx_hal_uart.o
 *fill*         0x0800596a        0x2 
 .text.SysTick_Handler
                0x0800596c       0x20 ./Middlewares/Third_Party/FreeRTOS/Source/CMSIS_RTOS_V2/cmsis_os2.o
                0x0800596c                SysTick_Handler
 .text.IRQ_Context
                0x0800598c       0x4e ./Middlewares/Third_Party/FreeRTOS/Source/CMSIS_RTOS_V2/cmsis_os2.o
 *fill*         0x080059da        0x2 
 .text.osKernelInitialize
                0x080059dc       0x4c ./Middlewares/Third_Party/FreeRTOS/Source/CMSIS_RTOS_V2/cmsis_os2.o
                0x080059dc                osKernelInitialize
 .text.osKernelStart
                0x08005a28       0x50 ./Middlewares/Third_Party/FreeRTOS/Source/CMSIS_RTOS_V2/cmsis_os2.o
                0x08005a28                osKernelStart
 .text.osThreadNew
                0x08005a78      0x124 ./Middlewares/Third_Party/FreeRTOS/Source/CMSIS_RTOS_V2/cmsis_os2.o
                0x08005a78                osThreadNew
 .text.osDelay  0x08005b9c       0x34 ./Middlewares/Third_Party/FreeRTOS/Source/CMSIS_RTOS_V2/cmsis_os2.o
                0x08005b9c                osDelay
 .text.vListInitialise
                0x08005bd0       0x40 ./Middlewares/Third_Party/FreeRTOS/Source/list.o
                0x08005bd0                vListInitialise
 .text.vListInitialiseItem
                0x08005c10       0x1a ./Middlewares/Third_Party/FreeRTOS/Source/list.o
                0x08005c10                vListInitialiseItem
 .text.vListInsert
                0x08005c2a       0x72 ./Middlewares/Third_Party/FreeRTOS/Source/list.o
                0x08005c2a                vListInsert
 .text.uxListRemove
                0x08005c9c       0x54 ./Middlewares/Third_Party/FreeRTOS/Source/list.o
                0x08005c9c                uxListRemove
 .text.xQueueGenericReset
                0x08005cf0       0xf2 ./Middlewares/Third_Party/FreeRTOS/Source/queue.o
                0x08005cf0                xQueueGenericReset
 .text.xQueueGenericCreateStatic
                0x08005de2       0x92 ./Middlewares/Third_Party/FreeRTOS/Source/queue.o
                0x08005de2                xQueueGenericCreateStatic
 .text.prvInitialiseNewQueue
                0x08005e74       0x46 ./Middlewares/Third_Party/FreeRTOS/Source/queue.o
 .text.xQueueReceive
                0x08005eba      0x178 ./Middlewares/Third_Party/FreeRTOS/Source/queue.o
                0x08005eba                xQueueReceive
 .text.prvCopyDataFromQueue
                0x08006032       0x4c ./Middlewares/Third_Party/FreeRTOS/Source/queue.o
 .text.prvUnlockQueue
                0x0800607e       0xa4 ./Middlewares/Third_Party/FreeRTOS/Source/queue.o
 .text.prvIsQueueEmpty
                0x08006122       0x2c ./Middlewares/Third_Party/FreeRTOS/Source/queue.o
 *fill*         0x0800614e        0x2 
 .text.vQueueAddToRegistry
                0x08006150       0x8c ./Middlewares/Third_Party/FreeRTOS/Source/queue.o
                0x08006150                vQueueAddToRegistry
 .text.vQueueWaitForMessageRestricted
                0x080061dc       0x68 ./Middlewares/Third_Party/FreeRTOS/Source/queue.o
                0x080061dc                vQueueWaitForMessageRestricted
 .text.prvCreateStaticTask
                0x08006244       0x92 ./Middlewares/Third_Party/FreeRTOS/Source/tasks.o
 .text.xTaskCreateStatic
                0x080062d6       0x48 ./Middlewares/Third_Party/FreeRTOS/Source/tasks.o
                0x080062d6                xTaskCreateStatic
 .text.prvCreateTask
                0x0800631e       0x80 ./Middlewares/Third_Party/FreeRTOS/Source/tasks.o
 .text.xTaskCreate
                0x0800639e       0x46 ./Middlewares/Third_Party/FreeRTOS/Source/tasks.o
                0x0800639e                xTaskCreate
 .text.prvInitialiseNewTask
                0x080063e4      0x104 ./Middlewares/Third_Party/FreeRTOS/Source/tasks.o
 .text.prvAddNewTaskToReadyList
                0x080064e8      0x124 ./Middlewares/Third_Party/FreeRTOS/Source/tasks.o
 .text.vTaskDelay
                0x0800660c       0x4c ./Middlewares/Third_Party/FreeRTOS/Source/tasks.o
                0x0800660c                vTaskDelay
 .text.prvCreateIdleTasks
                0x08006658       0xec ./Middlewares/Third_Party/FreeRTOS/Source/tasks.o
 .text.vTaskStartScheduler
                0x08006744       0x68 ./Middlewares/Third_Party/FreeRTOS/Source/tasks.o
                0x08006744                vTaskStartScheduler
 .text.vTaskSuspendAll
                0x080067ac       0x1c ./Middlewares/Third_Party/FreeRTOS/Source/tasks.o
                0x080067ac                vTaskSuspendAll
 .text.xTaskResumeAll
                0x080067c8      0x1f4 ./Middlewares/Third_Party/FreeRTOS/Source/tasks.o
                0x080067c8                xTaskResumeAll
 .text.xTaskGetTickCount
                0x080069bc       0x20 ./Middlewares/Third_Party/FreeRTOS/Source/tasks.o
                0x080069bc                xTaskGetTickCount
 .text.xTaskIncrementTick
                0x080069dc      0x224 ./Middlewares/Third_Party/FreeRTOS/Source/tasks.o
                0x080069dc                xTaskIncrementTick
 .text.vTaskSwitchContext
                0x08006c00       0xac ./Middlewares/Third_Party/FreeRTOS/Source/tasks.o
                0x08006c00                vTaskSwitchContext
 .text.vTaskPlaceOnEventList
                0x08006cac       0x3c ./Middlewares/Third_Party/FreeRTOS/Source/tasks.o
                0x08006cac                vTaskPlaceOnEventList
 .text.vTaskPlaceOnEventListRestricted
                0x08006ce8       0x7c ./Middlewares/Third_Party/FreeRTOS/Source/tasks.o
                0x08006ce8                vTaskPlaceOnEventListRestricted
 .text.xTaskRemoveFromEventList
                0x08006d64      0x1a0 ./Middlewares/Third_Party/FreeRTOS/Source/tasks.o
                0x08006d64                xTaskRemoveFromEventList
 .text.vTaskInternalSetTimeOutState
                0x08006f04       0x2c ./Middlewares/Third_Party/FreeRTOS/Source/tasks.o
                0x08006f04                vTaskInternalSetTimeOutState
 .text.xTaskCheckForTimeOut
                0x08006f30       0xd0 ./Middlewares/Third_Party/FreeRTOS/Source/tasks.o
                0x08006f30                xTaskCheckForTimeOut
 .text.vTaskMissedYield
                0x08007000       0x18 ./Middlewares/Third_Party/FreeRTOS/Source/tasks.o
                0x08007000                vTaskMissedYield
 .text.prvIdleTask
                0x08007018       0x20 ./Middlewares/Third_Party/FreeRTOS/Source/tasks.o
 .text.prvInitialiseTaskLists
                0x08007038       0x80 ./Middlewares/Third_Party/FreeRTOS/Source/tasks.o
 .text.prvCheckTasksWaitingTermination
                0x080070b8       0x5c ./Middlewares/Third_Party/FreeRTOS/Source/tasks.o
 .text.prvDeleteTCB
                0x08007114       0x50 ./Middlewares/Third_Party/FreeRTOS/Source/tasks.o
 .text.prvResetNextTaskUnblockTime
                0x08007164       0x38 ./Middlewares/Third_Party/FreeRTOS/Source/tasks.o
 .text.xTaskGetSchedulerState
                0x0800719c       0x3c ./Middlewares/Third_Party/FreeRTOS/Source/tasks.o
                0x0800719c                xTaskGetSchedulerState
 .text.prvAddCurrentTaskToDelayedList
                0x080071d8       0xec ./Middlewares/Third_Party/FreeRTOS/Source/tasks.o
 .text.vApplicationGetIdleTaskMemory
                0x080072c4       0x34 ./Middlewares/Third_Party/FreeRTOS/Source/tasks.o
                0x080072c4                vApplicationGetIdleTaskMemory
 .text.vApplicationGetTimerTaskMemory
                0x080072f8       0x34 ./Middlewares/Third_Party/FreeRTOS/Source/tasks.o
                0x080072f8                vApplicationGetTimerTaskMemory
 .text.xTimerCreateTimerTask
                0x0800732c       0x80 ./Middlewares/Third_Party/FreeRTOS/Source/timers.o
                0x0800732c                xTimerCreateTimerTask
 .text.prvReloadTimer
                0x080073ac       0x42 ./Middlewares/Third_Party/FreeRTOS/Source/timers.o
 *fill*         0x080073ee        0x2 
 .text.prvProcessExpiredTimer
                0x080073f0       0x60 ./Middlewares/Third_Party/FreeRTOS/Source/timers.o
 .text.prvTimerTask
                0x08007450       0x26 ./Middlewares/Third_Party/FreeRTOS/Source/timers.o
 *fill*         0x08007476        0x2 
 .text.prvProcessTimerOrBlockTask
                0x08007478       0x8c ./Middlewares/Third_Party/FreeRTOS/Source/timers.o
 .text.prvGetNextExpireTime
                0x08007504       0x48 ./Middlewares/Third_Party/FreeRTOS/Source/timers.o
 .text.prvSampleTimeNow
                0x0800754c       0x40 ./Middlewares/Third_Party/FreeRTOS/Source/timers.o
 .text.prvInsertTimerInActiveList
                0x0800758c       0x84 ./Middlewares/Third_Party/FreeRTOS/Source/timers.o
 .text.prvProcessReceivedCommands
                0x08007610      0x1b0 ./Middlewares/Third_Party/FreeRTOS/Source/timers.o
 .text.prvSwitchTimerLists
                0x080077c0       0x4c ./Middlewares/Third_Party/FreeRTOS/Source/timers.o
 .text.prvCheckForValidListAndQueue
                0x0800780c       0x80 ./Middlewares/Third_Party/FreeRTOS/Source/timers.o
 .text.vPortSetupTimerInterrupt
                0x0800788c       0x48 ./Middlewares/Third_Party/FreeRTOS/Source/portable/GCC/ARM_CM33_NTZ/non_secure/port.o
                0x0800788c                vPortSetupTimerInterrupt
 .text.prvTaskExitError
                0x080078d4       0x38 ./Middlewares/Third_Party/FreeRTOS/Source/portable/GCC/ARM_CM33_NTZ/non_secure/port.o
 .text.vPortYield
                0x0800790c       0x24 ./Middlewares/Third_Party/FreeRTOS/Source/portable/GCC/ARM_CM33_NTZ/non_secure/port.o
                0x0800790c                vPortYield
 .text.vPortEnterCritical
                0x08007930       0x24 ./Middlewares/Third_Party/FreeRTOS/Source/portable/GCC/ARM_CM33_NTZ/non_secure/port.o
                0x08007930                vPortEnterCritical
 .text.vPortExitCritical
                0x08007954       0x34 ./Middlewares/Third_Party/FreeRTOS/Source/portable/GCC/ARM_CM33_NTZ/non_secure/port.o
                0x08007954                vPortExitCritical
 .text.xPortSysTickHandler
                0x08007988       0x30 ./Middlewares/Third_Party/FreeRTOS/Source/portable/GCC/ARM_CM33_NTZ/non_secure/port.o
                0x08007988                xPortSysTickHandler
 .text.vPortSVCHandler_C
                0x080079b8       0x32 ./Middlewares/Third_Party/FreeRTOS/Source/portable/GCC/ARM_CM33_NTZ/non_secure/port.o
                0x080079b8                vPortSVCHandler_C
 *fill*         0x080079ea        0x2 
 .text.pxPortInitialiseStack
                0x080079ec      0x114 ./Middlewares/Third_Party/FreeRTOS/Source/portable/GCC/ARM_CM33_NTZ/non_secure/port.o
                0x080079ec                pxPortInitialiseStack
 .text.xPortStartScheduler
                0x08007b00      0x12c ./Middlewares/Third_Party/FreeRTOS/Source/portable/GCC/ARM_CM33_NTZ/non_secure/port.o
                0x08007b00                xPortStartScheduler
 .text.vRestoreContextOfFirstTask
                0x08007c2c       0x34 ./Middlewares/Third_Party/FreeRTOS/Source/portable/GCC/ARM_CM33_NTZ/non_secure/portasm.o
                0x08007c2c                vRestoreContextOfFirstTask
 .text.vStartFirstTask
                0x08007c60       0x20 ./Middlewares/Third_Party/FreeRTOS/Source/portable/GCC/ARM_CM33_NTZ/non_secure/portasm.o
                0x08007c60                vStartFirstTask
 .text.ulSetInterruptMask
                0x08007c80       0x1a ./Middlewares/Third_Party/FreeRTOS/Source/portable/GCC/ARM_CM33_NTZ/non_secure/portasm.o
                0x08007c80                ulSetInterruptMask
 .text.vClearInterruptMask
                0x08007c9a       0x10 ./Middlewares/Third_Party/FreeRTOS/Source/portable/GCC/ARM_CM33_NTZ/non_secure/portasm.o
                0x08007c9a                vClearInterruptMask
 *fill*         0x08007caa        0x2 
 .text.PendSV_Handler
                0x08007cac       0x4c ./Middlewares/Third_Party/FreeRTOS/Source/portable/GCC/ARM_CM33_NTZ/non_secure/portasm.o
                0x08007cac                PendSV_Handler
 .text.SVC_Handler
                0x08007cf8       0x18 ./Middlewares/Third_Party/FreeRTOS/Source/portable/GCC/ARM_CM33_NTZ/non_secure/portasm.o
                0x08007cf8                SVC_Handler
 .text.pvPortMalloc
                0x08007d10      0x20c ./Middlewares/Third_Party/FreeRTOS/Source/portable/MemMang/heap_4.o
                0x08007d10                pvPortMalloc
 .text.vPortFree
                0x08007f1c       0xbc ./Middlewares/Third_Party/FreeRTOS/Source/portable/MemMang/heap_4.o
                0x08007f1c                vPortFree
 .text.prvHeapInit
                0x08007fd8       0xb4 ./Middlewares/Third_Party/FreeRTOS/Source/portable/MemMang/heap_4.o
 .text.prvInsertBlockIntoFreeList
                0x0800808c       0xe0 ./Middlewares/Third_Party/FreeRTOS/Source/portable/MemMang/heap_4.o
 .text.memset   0x0800816c       0x10 C:/ST/STM32CubeIDE_2.1.0/STM32CubeIDE/plugins/com.st.stm32cube.ide.mcu.externaltools.gnu-tools-for-stm32.14.3.rel1.win32_1.0.100.202602081740/tools/bin/../lib/gcc/arm-none-eabi/14.3.1/../../../../arm-none-eabi/lib/thumb/v8-m.main+fp/hard\libc_nano.a(libc_a-memset.o)
                0x0800816c                memset
 .text.__libc_init_array
                0x0800817c       0x48 C:/ST/STM32CubeIDE_2.1.0/STM32CubeIDE/plugins/com.st.stm32cube.ide.mcu.externaltools.gnu-tools-for-stm32.14.3.rel1.win32_1.0.100.202602081740/tools/bin/../lib/gcc/arm-none-eabi/14.3.1/../../../../arm-none-eabi/lib/thumb/v8-m.main+fp/hard\libc_nano.a(libc_a-init.o)
                0x0800817c                __libc_init_array
 .text.memcpy   0x080081c4       0x1a C:/ST/STM32CubeIDE_2.1.0/STM32CubeIDE/plugins/com.st.stm32cube.ide.mcu.externaltools.gnu-tools-for-stm32.14.3.rel1.win32_1.0.100.202602081740/tools/bin/../lib/gcc/arm-none-eabi/14.3.1/../../../../arm-none-eabi/lib/thumb/v8-m.main+fp/hard\libc_nano.a(libc_a-memcpy-stub.o)
                0x080081c4                memcpy
 *(.glue_7)
 .glue_7        0x080081de        0x0 linker stubs
 *(.glue_7t)
 .glue_7t       0x080081de        0x0 linker stubs
 *(.eh_frame)
 *fill*         0x080081de        0x2 
 .eh_frame      0x080081e0        0x0 C:/ST/STM32CubeIDE_2.1.0/STM32CubeIDE/plugins/com.st.stm32cube.ide.mcu.externaltools.gnu-tools-for-stm32.14.3.rel1.win32_1.0.100.202602081740/tools/bin/../lib/gcc/arm-none-eabi/14.3.1/thumb/v8-m.main+fp/hard/crtbegin.o
 *(.init)
 .init          0x080081e0        0x4 C:/ST/STM32CubeIDE_2.1.0/STM32CubeIDE/plugins/com.st.stm32cube.ide.mcu.externaltools.gnu-tools-for-stm32.14.3.rel1.win32_1.0.100.202602081740/tools/bin/../lib/gcc/arm-none-eabi/14.3.1/thumb/v8-m.main+fp/hard/crti.o
                0x080081e0                _init
 .init          0x080081e4        0x8 C:/ST/STM32CubeIDE_2.1.0/STM32CubeIDE/plugins/com.st.stm32cube.ide.mcu.externaltools.gnu-tools-for-stm32.14.3.rel1.win32_1.0.100.202602081740/tools/bin/../lib/gcc/arm-none-eabi/14.3.1/thumb/v8-m.main+fp/hard/crtn.o
 *(.fini)
 .fini          0x080081ec        0x4 C:/ST/STM32CubeIDE_2.1.0/STM32CubeIDE/plugins/com.st.stm32cube.ide.mcu.externaltools.gnu-tools-for-stm32.14.3.rel1.win32_1.0.100.202602081740/tools/bin/../lib/gcc/arm-none-eabi/14.3.1/thumb/v8-m.main+fp/hard/crti.o
                0x080081ec                _fini
 .fini          0x080081f0        0x8 C:/ST/STM32CubeIDE_2.1.0/STM32CubeIDE/plugins/com.st.stm32cube.ide.mcu.externaltools.gnu-tools-for-stm32.14.3.rel1.win32_1.0.100.202602081740/tools/bin/../lib/gcc/arm-none-eabi/14.3.1/thumb/v8-m.main+fp/hard/crtn.o
                0x080081f8                        _etext = .

.vfp11_veneer   0x080081f8        0x0
 .vfp11_veneer  0x080081f8        0x0 linker stubs

.v4_bx          0x080081f8        0x0
 .v4_bx         0x080081f8        0x0 linker stubs

.iplt           0x080081f8        0x0
 .iplt          0x080081f8        0x0 C:/ST/STM32CubeIDE_2.1.0/STM32CubeIDE/plugins/com.st.stm32cube.ide.mcu.externaltools.gnu-tools-for-stm32.14.3.rel1.win32_1.0.100.202602081740/tools/bin/../lib/gcc/arm-none-eabi/14.3.1/thumb/v8-m.main+fp/hard/crtbegin.o

.rodata         0x080081f8      0x148
 *(.rodata)
 .rodata        0x080081f8        0xc ./Core/Src/app_freertos.o
 .rodata        0x08008204        0x5 ./Middlewares/Third_Party/FreeRTOS/Source/tasks.o
 *fill*         0x08008209        0x3 
 .rodata        0x0800820c        0xd ./Middlewares/Third_Party/FreeRTOS/Source/timers.o
 *(.rodata*)
 *fill*         0x08008219        0x3 
 .rodata.defaultTask_attributes
                0x0800821c       0x24 ./Core/Src/app_freertos.o
                0x0800821c                defaultTask_attributes
 .rodata.AHBPrescTable
                0x08008240       0x10 ./Core/Src/system_stm32u5xx.o
                0x08008240                AHBPrescTable
 .rodata.APBPrescTable
                0x08008250        0x8 ./Core/Src/system_stm32u5xx.o
                0x08008250                APBPrescTable
 .rodata.MSIRangeTable
                0x08008258       0x40 ./Core/Src/system_stm32u5xx.o
                0x08008258                MSIRangeTable
 .rodata.LED_PIN
                0x08008298        0x6 ./Drivers/BSP/STM32U5xx_Nucleo/stm32u5xx_nucleo.o
 *fill*         0x0800829e        0x2 
 .rodata.BUTTON_EXTI_LINE.2
                0x080082a0        0x4 ./Drivers/BSP/STM32U5xx_Nucleo/stm32u5xx_nucleo.o
 .rodata.LPGPIO_Map
                0x080082a4       0x80 ./Drivers/STM32U5xx_HAL_Driver/Src/stm32u5xx_hal_gpio.o
 .rodata.UARTPrescTable
                0x08008324       0x18 ./Drivers/STM32U5xx_HAL_Driver/Src/stm32u5xx_hal_uart.o
                0x08008324                UARTPrescTable
 .rodata.uxTopUsedPriority
                0x0800833c        0x4 ./Middlewares/Third_Party/FreeRTOS/Source/tasks.o

.ARM.extab
 *(.ARM.extab* .gnu.linkonce.armextab.*)

.ARM            0x08008340        0x8
                0x08008340                        __exidx_start = .
 *(.ARM.exidx*)
 .ARM.exidx     0x08008340        0x8 C:/ST/STM32CubeIDE_2.1.0/STM32CubeIDE/plugins/com.st.stm32cube.ide.mcu.externaltools.gnu-tools-for-stm32.14.3.rel1.win32_1.0.100.202602081740/tools/bin/../lib/gcc/arm-none-eabi/14.3.1/thumb/v8-m.main+fp/hard\libgcc.a(_udivmoddi4.o)
                0x08008348                        __exidx_end = .

.preinit_array  0x08008348        0x0
                0x08008348                        PROVIDE (__preinit_array_start = .)
 *(.preinit_array*)
                0x08008348                        PROVIDE (__preinit_array_end = .)

.init_array     0x08008348        0x4
                0x08008348                        PROVIDE (__init_array_start = .)
 *(SORT_BY_NAME(.init_array.*))
 *(.init_array*)
 .init_array    0x08008348        0x4 C:/ST/STM32CubeIDE_2.1.0/STM32CubeIDE/plugins/com.st.stm32cube.ide.mcu.externaltools.gnu-tools-for-stm32.14.3.rel1.win32_1.0.100.202602081740/tools/bin/../lib/gcc/arm-none-eabi/14.3.1/thumb/v8-m.main+fp/hard/crtbegin.o
                0x0800834c                        PROVIDE (__init_array_end = .)

.fini_array     0x0800834c        0x4
                [!provide]                        PROVIDE (__fini_array_start = .)
 *(SORT_BY_NAME(.fini_array.*))
 *(.fini_array*)
 .fini_array    0x0800834c        0x4 C:/ST/STM32CubeIDE_2.1.0/STM32CubeIDE/plugins/com.st.stm32cube.ide.mcu.externaltools.gnu-tools-for-stm32.14.3.rel1.win32_1.0.100.202602081740/tools/bin/../lib/gcc/arm-none-eabi/14.3.1/thumb/v8-m.main+fp/hard/crtbegin.o
                [!provide]                        PROVIDE (__fini_array_end = .)
                0x08008350                        _sidata = LOADADDR (.data)

.rel.dyn        0x08008350        0x0
 .rel.iplt      0x08008350        0x0 C:/ST/STM32CubeIDE_2.1.0/STM32CubeIDE/plugins/com.st.stm32cube.ide.mcu.externaltools.gnu-tools-for-stm32.14.3.rel1.win32_1.0.100.202602081740/tools/bin/../lib/gcc/arm-none-eabi/14.3.1/thumb/v8-m.main+fp/hard/crtbegin.o

.data           0x20000000       0x2c load address 0x08008350
                0x20000000                        _sdata = .
 *(.data)
 *(.data*)
 .data.SystemCoreClock
                0x20000000        0x4 ./Core/Src/system_stm32u5xx.o
                0x20000000                SystemCoreClock
 .data.COM_USART
                0x20000004        0x4 ./Drivers/BSP/STM32U5xx_Nucleo/stm32u5xx_nucleo.o
                0x20000004                COM_USART
 .data.LED_PORT
                0x20000008        0xc ./Drivers/BSP/STM32U5xx_Nucleo/stm32u5xx_nucleo.o
 .data.BUTTON_PORT
                0x20000014        0x4 ./Drivers/BSP/STM32U5xx_Nucleo/stm32u5xx_nucleo.o
 .data.ButtonCallback.1
                0x20000018        0x4 ./Drivers/BSP/STM32U5xx_Nucleo/stm32u5xx_nucleo.o
 .data.BSP_BUTTON_PRIO.0
                0x2000001c        0x4 ./Drivers/BSP/STM32U5xx_Nucleo/stm32u5xx_nucleo.o
 .data.uwTickPrio
                0x20000020        0x4 ./Drivers/STM32U5xx_HAL_Driver/Src/stm32u5xx_hal.o
                0x20000020                uwTickPrio
 .data.uwTickFreq
                0x20000024        0x1 ./Drivers/STM32U5xx_HAL_Driver/Src/stm32u5xx_hal.o
                0x20000024                uwTickFreq
 *fill*         0x20000025        0x3 
 .data.ulCriticalNesting
                0x20000028        0x4 ./Middlewares/Third_Party/FreeRTOS/Source/portable/GCC/ARM_CM33_NTZ/non_secure/port.o
 *(.RamFunc)
 *(.RamFunc*)
                0x2000002c                        _edata = .

.igot.plt       0x2000002c        0x0 load address 0x0800837c
 .igot.plt      0x2000002c        0x0 C:/ST/STM32CubeIDE_2.1.0/STM32CubeIDE/plugins/com.st.stm32cube.ide.mcu.externaltools.gnu-tools-for-stm32.14.3.rel1.win32_1.0.100.202602081740/tools/bin/../lib/gcc/arm-none-eabi/14.3.1/thumb/v8-m.main+fp/hard/crtbegin.o

.bss            0x2000002c     0x2c6c load address 0x0800837c
                0x2000002c                        _sbss = .
                0x2000002c                        __bss_start__ = _sbss
 *(.bss)
 .bss           0x2000002c       0x1c C:/ST/STM32CubeIDE_2.1.0/STM32CubeIDE/plugins/com.st.stm32cube.ide.mcu.externaltools.gnu-tools-for-stm32.14.3.rel1.win32_1.0.100.202602081740/tools/bin/../lib/gcc/arm-none-eabi/14.3.1/thumb/v8-m.main+fp/hard/crtbegin.o
 *(.bss*)
 .bss.defaultTaskHandle
                0x20000048        0x4 ./Core/Src/app_freertos.o
                0x20000048                defaultTaskHandle
 .bss.BspCOMInit
                0x2000004c       0x10 ./Core/Src/main.o
                0x2000004c                BspCOMInit
 .bss.htim17    0x2000005c       0x4c ./Core/Src/stm32u5xx_hal_timebase_tim.o
                0x2000005c                htim17
 .bss.hpb_exti  0x200000a8        0xc ./Drivers/BSP/STM32U5xx_Nucleo/stm32u5xx_nucleo.o
                0x200000a8                hpb_exti
 .bss.hcom_uart
                0x200000b4       0x94 ./Drivers/BSP/STM32U5xx_Nucleo/stm32u5xx_nucleo.o
                0x200000b4                hcom_uart
 .bss.uwTick    0x20000148        0x4 ./Drivers/STM32U5xx_HAL_Driver/Src/stm32u5xx_hal.o
                0x20000148                uwTick
 .bss.KernelState
                0x2000014c        0x4 ./Middlewares/Third_Party/FreeRTOS/Source/CMSIS_RTOS_V2/cmsis_os2.o
 .bss.xQueueRegistry
                0x20000150       0x40 ./Middlewares/Third_Party/FreeRTOS/Source/queue.o
                0x20000150                xQueueRegistry
 .bss.pxCurrentTCB
                0x20000190        0x4 ./Middlewares/Third_Party/FreeRTOS/Source/tasks.o
                0x20000190                pxCurrentTCB
 .bss.pxReadyTasksLists
                0x20000194      0x460 ./Middlewares/Third_Party/FreeRTOS/Source/tasks.o
 .bss.xDelayedTaskList1
                0x200005f4       0x14 ./Middlewares/Third_Party/FreeRTOS/Source/tasks.o
 .bss.xDelayedTaskList2
                0x20000608       0x14 ./Middlewares/Third_Party/FreeRTOS/Source/tasks.o
 .bss.pxDelayedTaskList
                0x2000061c        0x4 ./Middlewares/Third_Party/FreeRTOS/Source/tasks.o
 .bss.pxOverflowDelayedTaskList
                0x20000620        0x4 ./Middlewares/Third_Party/FreeRTOS/Source/tasks.o
 .bss.xPendingReadyList
                0x20000624       0x14 ./Middlewares/Third_Party/FreeRTOS/Source/tasks.o
 .bss.xTasksWaitingTermination
                0x20000638       0x14 ./Middlewares/Third_Party/FreeRTOS/Source/tasks.o
 .bss.uxDeletedTasksWaitingCleanUp
                0x2000064c        0x4 ./Middlewares/Third_Party/FreeRTOS/Source/tasks.o
 .bss.xSuspendedTaskList
                0x20000650       0x14 ./Middlewares/Third_Party/FreeRTOS/Source/tasks.o
 .bss.uxCurrentNumberOfTasks
                0x20000664        0x4 ./Middlewares/Third_Party/FreeRTOS/Source/tasks.o
 .bss.xTickCount
                0x20000668        0x4 ./Middlewares/Third_Party/FreeRTOS/Source/tasks.o
 .bss.uxTopReadyPriority
                0x2000066c        0x4 ./Middlewares/Third_Party/FreeRTOS/Source/tasks.o
 .bss.xSchedulerRunning
                0x20000670        0x4 ./Middlewares/Third_Party/FreeRTOS/Source/tasks.o
 .bss.xPendedTicks
                0x20000674        0x4 ./Middlewares/Third_Party/FreeRTOS/Source/tasks.o
 .bss.xYieldPendings
                0x20000678        0x4 ./Middlewares/Third_Party/FreeRTOS/Source/tasks.o
 .bss.xNumOfOverflows
                0x2000067c        0x4 ./Middlewares/Third_Party/FreeRTOS/Source/tasks.o
 .bss.uxTaskNumber
                0x20000680        0x4 ./Middlewares/Third_Party/FreeRTOS/Source/tasks.o
 .bss.xNextTaskUnblockTime
                0x20000684        0x4 ./Middlewares/Third_Party/FreeRTOS/Source/tasks.o
 .bss.xIdleTaskHandles
                0x20000688        0x4 ./Middlewares/Third_Party/FreeRTOS/Source/tasks.o
 .bss.uxSchedulerSuspended
                0x2000068c        0x4 ./Middlewares/Third_Party/FreeRTOS/Source/tasks.o
 .bss.xIdleTaskTCB.3
                0x20000690       0x5c ./Middlewares/Third_Party/FreeRTOS/Source/tasks.o
 .bss.uxIdleTaskStack.2
                0x200006ec      0x200 ./Middlewares/Third_Party/FreeRTOS/Source/tasks.o
 .bss.xTimerTaskTCB.1
                0x200008ec       0x5c ./Middlewares/Third_Party/FreeRTOS/Source/tasks.o
 .bss.uxTimerTaskStack.0
                0x20000948      0x200 ./Middlewares/Third_Party/FreeRTOS/Source/tasks.o
 .bss.xActiveTimerList1
                0x20000b48       0x14 ./Middlewares/Third_Party/FreeRTOS/Source/timers.o
 .bss.xActiveTimerList2
                0x20000b5c       0x14 ./Middlewares/Third_Party/FreeRTOS/Source/timers.o
 .bss.pxCurrentTimerList
                0x20000b70        0x4 ./Middlewares/Third_Party/FreeRTOS/Source/timers.o
 .bss.pxOverflowTimerList
                0x20000b74        0x4 ./Middlewares/Third_Party/FreeRTOS/Source/timers.o
 .bss.xTimerQueue
                0x20000b78        0x4 ./Middlewares/Third_Party/FreeRTOS/Source/timers.o
 .bss.xTimerTaskHandle
                0x20000b7c        0x4 ./Middlewares/Third_Party/FreeRTOS/Source/timers.o
 .bss.xLastTime.2
                0x20000b80        0x4 ./Middlewares/Third_Party/FreeRTOS/Source/timers.o
 .bss.ucStaticTimerQueueStorage.1
                0x20000b84       0xa0 ./Middlewares/Third_Party/FreeRTOS/Source/timers.o
 .bss.xStaticTimerQueue.0
                0x20000c24       0x50 ./Middlewares/Third_Party/FreeRTOS/Source/timers.o
 .bss.ucMaxSysCallPriority
                0x20000c74        0x1 ./Middlewares/Third_Party/FreeRTOS/Source/portable/GCC/ARM_CM33_NTZ/non_secure/port.o
 *fill*         0x20000c75        0x3 
 .bss.ulMaxPRIGROUPValue
                0x20000c78        0x4 ./Middlewares/Third_Party/FreeRTOS/Source/portable/GCC/ARM_CM33_NTZ/non_secure/port.o
 .bss.ucHeap    0x20000c7c     0x2000 ./Middlewares/Third_Party/FreeRTOS/Source/portable/MemMang/heap_4.o
 .bss.xStart    0x20002c7c        0x8 ./Middlewares/Third_Party/FreeRTOS/Source/portable/MemMang/heap_4.o
 .bss.pxEnd     0x20002c84        0x4 ./Middlewares/Third_Party/FreeRTOS/Source/portable/MemMang/heap_4.o
 .bss.xFreeBytesRemaining
                0x20002c88        0x4 ./Middlewares/Third_Party/FreeRTOS/Source/portable/MemMang/heap_4.o
 .bss.xMinimumEverFreeBytesRemaining
                0x20002c8c        0x4 ./Middlewares/Third_Party/FreeRTOS/Source/portable/MemMang/heap_4.o
 .bss.xNumberOfSuccessfulAllocations
                0x20002c90        0x4 ./Middlewares/Third_Party/FreeRTOS/Source/portable/MemMang/heap_4.o
 .bss.xNumberOfSuccessfulFrees
                0x20002c94        0x4 ./Middlewares/Third_Party/FreeRTOS/Source/portable/MemMang/heap_4.o
 *(COMMON)
                0x20002c98                        _ebss = .
                0x20002c98                        __bss_end__ = _ebss

._user_heap_stack
                0x20002c98      0x600 load address 0x0800837c
                0x20002c98                        . = ALIGN (0x8)
                [!provide]                        PROVIDE (end = .)
                0x20002c98                        PROVIDE (_end = .)
                0x20002e98                        . = (. + _Min_Heap_Size)
 *fill*         0x20002c98      0x200 
                0x20003298                        . = (. + _Min_Stack_Size)
 *fill*         0x20002e98      0x400 
                0x20003298                        . = ALIGN (0x8)

/DISCARD/
 libc.a(*)
 libm.a(*)
 libgcc.a(*)

.ARM.attributes
                0x00000000       0x36
 *(.ARM.attributes)
 .ARM.attributes
                0x00000000       0x26 C:/ST/STM32CubeIDE_2.1.0/STM32CubeIDE/plugins/com.st.stm32cube.ide.mcu.externaltools.gnu-tools-for-stm32.14.3.rel1.win32_1.0.100.202602081740/tools/bin/../lib/gcc/arm-none-eabi/14.3.1/thumb/v8-m.main+fp/hard/crti.o
 .ARM.attributes
                0x00000026       0x38 C:/ST/STM32CubeIDE_2.1.0/STM32CubeIDE/plugins/com.st.stm32cube.ide.mcu.externaltools.gnu-tools-for-stm32.14.3.rel1.win32_1.0.100.202602081740/tools/bin/../lib/gcc/arm-none-eabi/14.3.1/thumb/v8-m.main+fp/hard/crtbegin.o
 .ARM.attributes
                0x0000005e       0x3a ./Core/Src/app_freertos.o
 .ARM.attributes
                0x00000098       0x3a ./Core/Src/main.o
 .ARM.attributes
                0x000000d2       0x3a ./Core/Src/stm32u5xx_hal_msp.o
 .ARM.attributes
                0x0000010c       0x3a ./Core/Src/stm32u5xx_hal_timebase_tim.o
 .ARM.attributes
                0x00000146       0x3a ./Core/Src/stm32u5xx_it.o
 .ARM.attributes
                0x00000180       0x3a ./Core/Src/system_stm32u5xx.o
 .ARM.attributes
                0x000001ba       0x24 ./Core/Startup/startup_stm32u575zitxq.o
 .ARM.attributes
                0x000001de       0x3a ./Drivers/BSP/STM32U5xx_Nucleo/stm32u5xx_nucleo.o
 .ARM.attributes
                0x00000218       0x3a ./Drivers/STM32U5xx_HAL_Driver/Src/stm32u5xx_hal.o
 .ARM.attributes
                0x00000252       0x3a ./Drivers/STM32U5xx_HAL_Driver/Src/stm32u5xx_hal_cortex.o
 .ARM.attributes
                0x0000028c       0x3a ./Drivers/STM32U5xx_HAL_Driver/Src/stm32u5xx_hal_exti.o
 .ARM.attributes
                0x000002c6       0x3a ./Drivers/STM32U5xx_HAL_Driver/Src/stm32u5xx_hal_gpio.o
 .ARM.attributes
                0x00000300       0x3a ./Drivers/STM32U5xx_HAL_Driver/Src/stm32u5xx_hal_icache.o
 .ARM.attributes
                0x0000033a       0x3a ./Drivers/STM32U5xx_HAL_Driver/Src/stm32u5xx_hal_pwr_ex.o
 .ARM.attributes
                0x00000374       0x3a ./Drivers/STM32U5xx_HAL_Driver/Src/stm32u5xx_hal_rcc.o
 .ARM.attributes
                0x000003ae       0x3a ./Drivers/STM32U5xx_HAL_Driver/Src/stm32u5xx_hal_rcc_ex.o
 .ARM.attributes
                0x000003e8       0x3a ./Drivers/STM32U5xx_HAL_Driver/Src/stm32u5xx_hal_tim.o
 .ARM.attributes
                0x00000422       0x3a ./Drivers/STM32U5xx_HAL_Driver/Src/stm32u5xx_hal_tim_ex.o
 .ARM.attributes
                0x0000045c       0x3a ./Drivers/STM32U5xx_HAL_Driver/Src/stm32u5xx_hal_uart.o
 .ARM.attributes
                0x00000496       0x3a ./Middlewares/Third_Party/FreeRTOS/Source/CMSIS_RTOS_V2/cmsis_os2.o
 .ARM.attributes
                0x000004d0       0x3a ./Middlewares/Third_Party/FreeRTOS/Source/list.o
 .ARM.attributes
                0x0000050a       0x3a ./Middlewares/Third_Party/FreeRTOS/Source/queue.o
 .ARM.attributes
                0x00000544       0x3a ./Middlewares/Third_Party/FreeRTOS/Source/tasks.o
 .ARM.attributes
                0x0000057e       0x3a ./Middlewares/Third_Party/FreeRTOS/Source/timers.o
 .ARM.attributes
                0x000005b8       0x3a ./Middlewares/Third_Party/FreeRTOS/Source/portable/GCC/ARM_CM33_NTZ/non_secure/port.o
 .ARM.attributes
                0x000005f2       0x3a ./Middlewares/Third_Party/FreeRTOS/Source/portable/GCC/ARM_CM33_NTZ/non_secure/portasm.o
 .ARM.attributes
                0x0000062c       0x3a ./Middlewares/Third_Party/FreeRTOS/Source/portable/MemMang/heap_4.o
 .ARM.attributes
                0x00000666       0x38 C:/ST/STM32CubeIDE_2.1.0/STM32CubeIDE/plugins/com.st.stm32cube.ide.mcu.externaltools.gnu-tools-for-stm32.14.3.rel1.win32_1.0.100.202602081740/tools/bin/../lib/gcc/arm-none-eabi/14.3.1/../../../../arm-none-eabi/lib/thumb/v8-m.main+fp/hard\libc_nano.a(libc_a-memset.o)
 .ARM.attributes
                0x0000069e       0x38 C:/ST/STM32CubeIDE_2.1.0/STM32CubeIDE/plugins/com.st.stm32cube.ide.mcu.externaltools.gnu-tools-for-stm32.14.3.rel1.win32_1.0.100.202602081740/tools/bin/../lib/gcc/arm-none-eabi/14.3.1/../../../../arm-none-eabi/lib/thumb/v8-m.main+fp/hard\libc_nano.a(libc_a-init.o)
 .ARM.attributes
                0x000006d6       0x38 C:/ST/STM32CubeIDE_2.1.0/STM32CubeIDE/plugins/com.st.stm32cube.ide.mcu.externaltools.gnu-tools-for-stm32.14.3.rel1.win32_1.0.100.202602081740/tools/bin/../lib/gcc/arm-none-eabi/14.3.1/../../../../arm-none-eabi/lib/thumb/v8-m.main+fp/hard\libc_nano.a(libc_a-memcpy-stub.o)
 .ARM.attributes
                0x0000070e       0x26 C:/ST/STM32CubeIDE_2.1.0/STM32CubeIDE/plugins/com.st.stm32cube.ide.mcu.externaltools.gnu-tools-for-stm32.14.3.rel1.win32_1.0.100.202602081740/tools/bin/../lib/gcc/arm-none-eabi/14.3.1/thumb/v8-m.main+fp/hard\libgcc.a(_aeabi_uldivmod.o)
 .ARM.attributes
                0x00000734       0x38 C:/ST/STM32CubeIDE_2.1.0/STM32CubeIDE/plugins/com.st.stm32cube.ide.mcu.externaltools.gnu-tools-for-stm32.14.3.rel1.win32_1.0.100.202602081740/tools/bin/../lib/gcc/arm-none-eabi/14.3.1/thumb/v8-m.main+fp/hard\libgcc.a(_udivmoddi4.o)
 .ARM.attributes
                0x0000076c       0x26 C:/ST/STM32CubeIDE_2.1.0/STM32CubeIDE/plugins/com.st.stm32cube.ide.mcu.externaltools.gnu-tools-for-stm32.14.3.rel1.win32_1.0.100.202602081740/tools/bin/../lib/gcc/arm-none-eabi/14.3.1/thumb/v8-m.main+fp/hard\libgcc.a(_dvmd_tls.o)
 .ARM.attributes
                0x00000792       0x26 C:/ST/STM32CubeIDE_2.1.0/STM32CubeIDE/plugins/com.st.stm32cube.ide.mcu.externaltools.gnu-tools-for-stm32.14.3.rel1.win32_1.0.100.202602081740/tools/bin/../lib/gcc/arm-none-eabi/14.3.1/thumb/v8-m.main+fp/hard/crtn.o
OUTPUT(STM32U575ZITxQ_FreeRTOS_NoTZ.elf elf32-littlearm)
LOAD linker stubs
LOAD C:/ST/STM32CubeIDE_2.1.0/STM32CubeIDE/plugins/com.st.stm32cube.ide.mcu.externaltools.gnu-tools-for-stm32.14.3.rel1.win32_1.0.100.202602081740/tools/bin/../lib/gcc/arm-none-eabi/14.3.1/../../../../arm-none-eabi/lib/thumb/v8-m.main+fp/hard\libc.a
LOAD C:/ST/STM32CubeIDE_2.1.0/STM32CubeIDE/plugins/com.st.stm32cube.ide.mcu.externaltools.gnu-tools-for-stm32.14.3.rel1.win32_1.0.100.202602081740/tools/bin/../lib/gcc/arm-none-eabi/14.3.1/../../../../arm-none-eabi/lib/thumb/v8-m.main+fp/hard\libm.a
LOAD C:/ST/STM32CubeIDE_2.1.0/STM32CubeIDE/plugins/com.st.stm32cube.ide.mcu.externaltools.gnu-tools-for-stm32.14.3.rel1.win32_1.0.100.202602081740/tools/bin/../lib/gcc/arm-none-eabi/14.3.1/thumb/v8-m.main+fp/hard\libgcc.a

.debug_info     0x00000000    0x1ed03
 .debug_info    0x00000000      0x3a5 ./Core/Src/app_freertos.o
 .debug_info    0x000003a5     0x130e ./Core/Src/main.o
 .debug_info    0x000016b3      0x75c ./Core/Src/stm32u5xx_hal_msp.o
 .debug_info    0x00001e0f     0x1171 ./Core/Src/stm32u5xx_hal_timebase_tim.o
 .debug_info    0x00002f80      0x98b ./Core/Src/stm32u5xx_it.o
 .debug_info    0x0000390b      0x929 ./Core/Src/system_stm32u5xx.o
 .debug_info    0x00004234       0x30 ./Core/Startup/startup_stm32u575zitxq.o
 .debug_info    0x00004264     0x1bdd ./Drivers/BSP/STM32U5xx_Nucleo/stm32u5xx_nucleo.o
 .debug_info    0x00005e41     0x11ec ./Drivers/STM32U5xx_HAL_Driver/Src/stm32u5xx_hal.o
 .debug_info    0x0000702d     0x1639 ./Drivers/STM32U5xx_HAL_Driver/Src/stm32u5xx_hal_cortex.o
 .debug_info    0x00008666      0x736 ./Drivers/STM32U5xx_HAL_Driver/Src/stm32u5xx_hal_exti.o
 .debug_info    0x00008d9c      0x859 ./Drivers/STM32U5xx_HAL_Driver/Src/stm32u5xx_hal_gpio.o
 .debug_info    0x000095f5      0x4d6 ./Drivers/STM32U5xx_HAL_Driver/Src/stm32u5xx_hal_icache.o
 .debug_info    0x00009acb      0xe3e ./Drivers/STM32U5xx_HAL_Driver/Src/stm32u5xx_hal_pwr_ex.o
 .debug_info    0x0000a909     0x11f0 ./Drivers/STM32U5xx_HAL_Driver/Src/stm32u5xx_hal_rcc.o
 .debug_info    0x0000baf9     0x157f ./Drivers/STM32U5xx_HAL_Driver/Src/stm32u5xx_hal_rcc_ex.o
 .debug_info    0x0000d078     0x2e54 ./Drivers/STM32U5xx_HAL_Driver/Src/stm32u5xx_hal_tim.o
 .debug_info    0x0000fecc     0x22e0 ./Drivers/STM32U5xx_HAL_Driver/Src/stm32u5xx_hal_tim_ex.o
 .debug_info    0x000121ac     0x405f ./Drivers/STM32U5xx_HAL_Driver/Src/stm32u5xx_hal_uart.o
 .debug_info    0x0001620b     0x2e5a ./Middlewares/Third_Party/FreeRTOS/Source/CMSIS_RTOS_V2/cmsis_os2.o
 .debug_info    0x00019065      0x2aa ./Middlewares/Third_Party/FreeRTOS/Source/list.o
 .debug_info    0x0001930f     0x16ac ./Middlewares/Third_Party/FreeRTOS/Source/queue.o
 .debug_info    0x0001a9bb     0x256e ./Middlewares/Third_Party/FreeRTOS/Source/tasks.o
 .debug_info    0x0001cf29     0x13c9 ./Middlewares/Third_Party/FreeRTOS/Source/timers.o
 .debug_info    0x0001e2f2      0x3e8 ./Middlewares/Third_Party/FreeRTOS/Source/portable/GCC/ARM_CM33_NTZ/non_secure/port.o
 .debug_info    0x0001e6da      0x151 ./Middlewares/Third_Party/FreeRTOS/Source/portable/GCC/ARM_CM33_NTZ/non_secure/portasm.o
 .debug_info    0x0001e82b      0x4d8 ./Middlewares/Third_Party/FreeRTOS/Source/portable/MemMang/heap_4.o

.debug_abbrev   0x00000000     0x3d2e
 .debug_abbrev  0x00000000      0x14d ./Core/Src/app_freertos.o
 .debug_abbrev  0x0000014d      0x323 ./Core/Src/main.o
 .debug_abbrev  0x00000470      0x11f ./Core/Src/stm32u5xx_hal_msp.o
 .debug_abbrev  0x0000058f      0x22a ./Core/Src/stm32u5xx_hal_timebase_tim.o
 .debug_abbrev  0x000007b9      0x1b1 ./Core/Src/stm32u5xx_it.o
 .debug_abbrev  0x0000096a      0x129 ./Core/Src/system_stm32u5xx.o
 .debug_abbrev  0x00000a93       0x24 ./Core/Startup/startup_stm32u575zitxq.o
 .debug_abbrev  0x00000ab7      0x343 ./Drivers/BSP/STM32U5xx_Nucleo/stm32u5xx_nucleo.o
 .debug_abbrev  0x00000dfa      0x2a5 ./Drivers/STM32U5xx_HAL_Driver/Src/stm32u5xx_hal.o
 .debug_abbrev  0x0000109f      0x327 ./Drivers/STM32U5xx_HAL_Driver/Src/stm32u5xx_hal_cortex.o
 .debug_abbrev  0x000013c6      0x198 ./Drivers/STM32U5xx_HAL_Driver/Src/stm32u5xx_hal_exti.o
 .debug_abbrev  0x0000155e      0x25a ./Drivers/STM32U5xx_HAL_Driver/Src/stm32u5xx_hal_gpio.o
 .debug_abbrev  0x000017b8      0x228 ./Drivers/STM32U5xx_HAL_Driver/Src/stm32u5xx_hal_icache.o
 .debug_abbrev  0x000019e0      0x215 ./Drivers/STM32U5xx_HAL_Driver/Src/stm32u5xx_hal_pwr_ex.o
 .debug_abbrev  0x00001bf5      0x2cb ./Drivers/STM32U5xx_HAL_Driver/Src/stm32u5xx_hal_rcc.o
 .debug_abbrev  0x00001ec0      0x23d ./Drivers/STM32U5xx_HAL_Driver/Src/stm32u5xx_hal_rcc_ex.o
 .debug_abbrev  0x000020fd      0x2bd ./Drivers/STM32U5xx_HAL_Driver/Src/stm32u5xx_hal_tim.o
 .debug_abbrev  0x000023ba      0x2d6 ./Drivers/STM32U5xx_HAL_Driver/Src/stm32u5xx_hal_tim_ex.o
 .debug_abbrev  0x00002690      0x305 ./Drivers/STM32U5xx_HAL_Driver/Src/stm32u5xx_hal_uart.o
 .debug_abbrev  0x00002995      0x47e ./Middlewares/Third_Party/FreeRTOS/Source/CMSIS_RTOS_V2/cmsis_os2.o
 .debug_abbrev  0x00002e13       0xee ./Middlewares/Third_Party/FreeRTOS/Source/list.o
 .debug_abbrev  0x00002f01      0x324 ./Middlewares/Third_Party/FreeRTOS/Source/queue.o
 .debug_abbrev  0x00003225      0x329 ./Middlewares/Third_Party/FreeRTOS/Source/tasks.o
 .debug_abbrev  0x0000354e      0x33f ./Middlewares/Third_Party/FreeRTOS/Source/timers.o
 .debug_abbrev  0x0000388d      0x1c8 ./Middlewares/Third_Party/FreeRTOS/Source/portable/GCC/ARM_CM33_NTZ/non_secure/port.o
 .debug_abbrev  0x00003a55       0xb8 ./Middlewares/Third_Party/FreeRTOS/Source/portable/GCC/ARM_CM33_NTZ/non_secure/portasm.o
 .debug_abbrev  0x00003b0d      0x221 ./Middlewares/Third_Party/FreeRTOS/Source/portable/MemMang/heap_4.o

.debug_aranges  0x00000000     0x1be0
 .debug_aranges
                0x00000000       0x28 ./Core/Src/app_freertos.o
 .debug_aranges
                0x00000028       0x50 ./Core/Src/main.o
 .debug_aranges
                0x00000078       0x20 ./Core/Src/stm32u5xx_hal_msp.o
 .debug_aranges
                0x00000098       0x30 ./Core/Src/stm32u5xx_hal_timebase_tim.o
 .debug_aranges
                0x000000c8       0x58 ./Core/Src/stm32u5xx_it.o
 .debug_aranges
                0x00000120       0x28 ./Core/Src/system_stm32u5xx.o
 .debug_aranges
                0x00000148       0x28 ./Core/Startup/startup_stm32u575zitxq.o
 .debug_aranges
                0x00000170       0xc8 ./Drivers/BSP/STM32U5xx_Nucleo/stm32u5xx_nucleo.o
 .debug_aranges
                0x00000238      0x148 ./Drivers/STM32U5xx_HAL_Driver/Src/stm32u5xx_hal.o
 .debug_aranges
                0x00000380      0x140 ./Drivers/STM32U5xx_HAL_Driver/Src/stm32u5xx_hal_cortex.o
 .debug_aranges
                0x000004c0       0x70 ./Drivers/STM32U5xx_HAL_Driver/Src/stm32u5xx_hal_exti.o
 .debug_aranges
                0x00000530       0x78 ./Drivers/STM32U5xx_HAL_Driver/Src/stm32u5xx_hal_gpio.o
 .debug_aranges
                0x000005a8       0xa8 ./Drivers/STM32U5xx_HAL_Driver/Src/stm32u5xx_hal_icache.o
 .debug_aranges
                0x00000650      0x200 ./Drivers/STM32U5xx_HAL_Driver/Src/stm32u5xx_hal_pwr_ex.o
 .debug_aranges
                0x00000850       0xa8 ./Drivers/STM32U5xx_HAL_Driver/Src/stm32u5xx_hal_rcc.o
 .debug_aranges
                0x000008f8      0x160 ./Drivers/STM32U5xx_HAL_Driver/Src/stm32u5xx_hal_rcc_ex.o
 .debug_aranges
                0x00000a58      0x3e8 ./Drivers/STM32U5xx_HAL_Driver/Src/stm32u5xx_hal_tim.o
 .debug_aranges
                0x00000e40      0x250 ./Drivers/STM32U5xx_HAL_Driver/Src/stm32u5xx_hal_tim_ex.o
 .debug_aranges
                0x00001090      0x248 ./Drivers/STM32U5xx_HAL_Driver/Src/stm32u5xx_hal_uart.o
 .debug_aranges
                0x000012d8      0x298 ./Middlewares/Third_Party/FreeRTOS/Source/CMSIS_RTOS_V2/cmsis_os2.o
 .debug_aranges
                0x00001570       0x40 ./Middlewares/Third_Party/FreeRTOS/Source/list.o
 .debug_aranges
                0x000015b0      0x170 ./Middlewares/Third_Party/FreeRTOS/Source/queue.o
 .debug_aranges
                0x00001720      0x260 ./Middlewares/Third_Party/FreeRTOS/Source/tasks.o
 .debug_aranges
                0x00001980      0x118 ./Middlewares/Third_Party/FreeRTOS/Source/timers.o
 .debug_aranges
                0x00001a98       0x78 ./Middlewares/Third_Party/FreeRTOS/Source/portable/GCC/ARM_CM33_NTZ/non_secure/port.o
 .debug_aranges
                0x00001b10       0x60 ./Middlewares/Third_Party/FreeRTOS/Source/portable/GCC/ARM_CM33_NTZ/non_secure/portasm.o
 .debug_aranges
                0x00001b70       0x70 ./Middlewares/Third_Party/FreeRTOS/Source/portable/MemMang/heap_4.o

.debug_rnglists
                0x00000000     0x15a9
 .debug_rnglists
                0x00000000       0x19 ./Core/Src/app_freertos.o
 .debug_rnglists
                0x00000019       0x38 ./Core/Src/main.o
 .debug_rnglists
                0x00000051       0x13 ./Core/Src/stm32u5xx_hal_msp.o
 .debug_rnglists
                0x00000064       0x20 ./Core/Src/stm32u5xx_hal_timebase_tim.o
 .debug_rnglists
                0x00000084       0x3d ./Core/Src/stm32u5xx_it.o
 .debug_rnglists
                0x000000c1       0x1a ./Core/Src/system_stm32u5xx.o
 .debug_rnglists
                0x000000db       0x19 ./Core/Startup/startup_stm32u575zitxq.o
 .debug_rnglists
                0x000000f4       0x94 ./Drivers/BSP/STM32U5xx_Nucleo/stm32u5xx_nucleo.o
 .debug_rnglists
                0x00000188       0xf3 ./Drivers/STM32U5xx_HAL_Driver/Src/stm32u5xx_hal.o
 .debug_rnglists
                0x0000027b       0xec ./Drivers/STM32U5xx_HAL_Driver/Src/stm32u5xx_hal_cortex.o
 .debug_rnglists
                0x00000367       0x53 ./Drivers/STM32U5xx_HAL_Driver/Src/stm32u5xx_hal_exti.o
 .debug_rnglists
                0x000003ba       0x5a ./Drivers/STM32U5xx_HAL_Driver/Src/stm32u5xx_hal_gpio.o
 .debug_rnglists
                0x00000414       0x7a ./Drivers/STM32U5xx_HAL_Driver/Src/stm32u5xx_hal_icache.o
 .debug_rnglists
                0x0000048e      0x186 ./Drivers/STM32U5xx_HAL_Driver/Src/stm32u5xx_hal_pwr_ex.o
 .debug_rnglists
                0x00000614       0x7f ./Drivers/STM32U5xx_HAL_Driver/Src/stm32u5xx_hal_rcc.o
 .debug_rnglists
                0x00000693      0x113 ./Drivers/STM32U5xx_HAL_Driver/Src/stm32u5xx_hal_rcc_ex.o
 .debug_rnglists
                0x000007a6      0x333 ./Drivers/STM32U5xx_HAL_Driver/Src/stm32u5xx_hal_tim.o
 .debug_rnglists
                0x00000ad9      0x1d8 ./Drivers/STM32U5xx_HAL_Driver/Src/stm32u5xx_hal_tim_ex.o
 .debug_rnglists
                0x00000cb1      0x1fb ./Drivers/STM32U5xx_HAL_Driver/Src/stm32u5xx_hal_uart.o
 .debug_rnglists
                0x00000eac      0x200 ./Middlewares/Third_Party/FreeRTOS/Source/CMSIS_RTOS_V2/cmsis_os2.o
 .debug_rnglists
                0x000010ac       0x2b ./Middlewares/Third_Party/FreeRTOS/Source/list.o
 .debug_rnglists
                0x000010d7      0x11d ./Middlewares/Third_Party/FreeRTOS/Source/queue.o
 .debug_rnglists
                0x000011f4      0x1f4 ./Middlewares/Third_Party/FreeRTOS/Source/tasks.o
 .debug_rnglists
                0x000013e8       0xd3 ./Middlewares/Third_Party/FreeRTOS/Source/timers.o
 .debug_rnglists
                0x000014bb       0x57 ./Middlewares/Third_Party/FreeRTOS/Source/portable/GCC/ARM_CM33_NTZ/non_secure/port.o
 .debug_rnglists
                0x00001512       0x43 ./Middlewares/Third_Party/FreeRTOS/Source/portable/GCC/ARM_CM33_NTZ/non_secure/portasm.o
 .debug_rnglists
                0x00001555       0x54 ./Middlewares/Third_Party/FreeRTOS/Source/portable/MemMang/heap_4.o

.debug_macro    0x00000000    0x35fa3
 .debug_macro   0x00000000      0x378 ./Core/Src/app_freertos.o
 .debug_macro   0x00000378      0xade ./Core/Src/app_freertos.o
 .debug_macro   0x00000e56      0x190 ./Core/Src/app_freertos.o
 .debug_macro   0x00000fe6       0x22 ./Core/Src/app_freertos.o
 .debug_macro   0x00001008       0x8e ./Core/Src/app_freertos.o
 .debug_macro   0x00001096       0x51 ./Core/Src/app_freertos.o
 .debug_macro   0x000010e7      0x103 ./Core/Src/app_freertos.o
 .debug_macro   0x000011ea       0x6a ./Core/Src/app_freertos.o
 .debug_macro   0x00001254      0x1df ./Core/Src/app_freertos.o
 .debug_macro   0x00001433       0x16 ./Core/Src/app_freertos.o
 .debug_macro   0x00001449      0x1cc ./Core/Src/app_freertos.o
 .debug_macro   0x00001615       0x28 ./Core/Src/app_freertos.o
 .debug_macro   0x0000163d      0x182 ./Core/Src/app_freertos.o
 .debug_macro   0x000017bf       0x22 ./Core/Src/app_freertos.o
 .debug_macro   0x000017e1      0x1c1 ./Core/Src/app_freertos.o
 .debug_macro   0x000019a2       0x16 ./Core/Src/app_freertos.o
 .debug_macro   0x000019b8       0x1c ./Core/Src/app_freertos.o
 .debug_macro   0x000019d4       0x1f ./Core/Src/app_freertos.o
 .debug_macro   0x000019f3       0x12 ./Core/Src/app_freertos.o
 .debug_macro   0x00001a05     0x1055 ./Core/Src/app_freertos.o
 .debug_macro   0x00002a5a       0xc3 ./Core/Src/app_freertos.o
 .debug_macro   0x00002b1d      0x14f ./Core/Src/app_freertos.o
 .debug_macro   0x00002c6c      0x201 ./Core/Src/app_freertos.o
 .debug_macro   0x00002e6d       0x2e ./Core/Src/app_freertos.o
 .debug_macro   0x00002e9b       0x42 ./Core/Src/app_freertos.o
 .debug_macro   0x00002edd       0x1c ./Core/Src/app_freertos.o
 .debug_macro   0x00002ef9       0x29 ./Core/Src/app_freertos.o
 .debug_macro   0x00002f22       0xfb ./Core/Src/app_freertos.o
 .debug_macro   0x0000301d     0x1685 ./Core/Src/app_freertos.o
 .debug_macro   0x000046a2       0x5e ./Core/Src/app_freertos.o
 .debug_macro   0x00004700    0x227a9 ./Core/Src/app_freertos.o
 .debug_macro   0x00026ea9       0x6d ./Core/Src/app_freertos.o
 .debug_macro   0x00026f16     0x393e ./Core/Src/app_freertos.o
 .debug_macro   0x0002a854       0x61 ./Core/Src/app_freertos.o
 .debug_macro   0x0002a8b5       0x2a ./Core/Src/app_freertos.o
 .debug_macro   0x0002a8df       0x43 ./Core/Src/app_freertos.o
 .debug_macro   0x0002a922       0x34 ./Core/Src/app_freertos.o
 .debug_macro   0x0002a956      0x364 ./Core/Src/app_freertos.o
 .debug_macro   0x0002acba       0x16 ./Core/Src/app_freertos.o
 .debug_macro   0x0002acd0       0x4a ./Core/Src/app_freertos.o
 .debug_macro   0x0002ad1a       0x34 ./Core/Src/app_freertos.o
 .debug_macro   0x0002ad4e       0x10 ./Core/Src/app_freertos.o
 .debug_macro   0x0002ad5e       0x58 ./Core/Src/app_freertos.o
 .debug_macro   0x0002adb6       0x8e ./Core/Src/app_freertos.o
 .debug_macro   0x0002ae44       0x1c ./Core/Src/app_freertos.o
 .debug_macro   0x0002ae60      0x17e ./Core/Src/app_freertos.o
 .debug_macro   0x0002afde      0x19b ./Core/Src/app_freertos.o
 .debug_macro   0x0002b179       0x5d ./Core/Src/app_freertos.o
 .debug_macro   0x0002b1d6     0x1ae5 ./Core/Src/app_freertos.o
 .debug_macro   0x0002ccbb      0x7dc ./Core/Src/app_freertos.o
 .debug_macro   0x0002d497      0x166 ./Core/Src/app_freertos.o
 .debug_macro   0x0002d5fd      0x2aa ./Core/Src/app_freertos.o
 .debug_macro   0x0002d8a7       0xc9 ./Core/Src/app_freertos.o
 .debug_macro   0x0002d970      0x5a5 ./Core/Src/app_freertos.o
 .debug_macro   0x0002df15      0x439 ./Core/Src/app_freertos.o
 .debug_macro   0x0002e34e       0xd6 ./Core/Src/app_freertos.o
 .debug_macro   0x0002e424      0x1cd ./Core/Src/app_freertos.o
 .debug_macro   0x0002e5f1      0x432 ./Core/Src/app_freertos.o
 .debug_macro   0x0002ea23       0x95 ./Core/Src/app_freertos.o
 .debug_macro   0x0002eab8      0x11c ./Core/Src/app_freertos.o
 .debug_macro   0x0002ebd4      0x525 ./Core/Src/app_freertos.o
 .debug_macro   0x0002f0f9      0x4bf ./Core/Src/app_freertos.o
 .debug_macro   0x0002f5b8      0xbcc ./Core/Src/app_freertos.o
 .debug_macro   0x00030184      0x4ea ./Core/Src/app_freertos.o
 .debug_macro   0x0003066e      0x677 ./Core/Src/app_freertos.o
 .debug_macro   0x00030ce5      0x1a1 ./Core/Src/app_freertos.o
 .debug_macro   0x00030e86      0x1c0 ./Core/Src/app_freertos.o
 .debug_macro   0x00031046      0x361 ./Core/Src/app_freertos.o
 .debug_macro   0x000313a7       0x28 ./Core/Src/app_freertos.o
 .debug_macro   0x000313cf       0x52 ./Core/Src/app_freertos.o
 .debug_macro   0x00031421       0x1c ./Core/Src/app_freertos.o
 .debug_macro   0x0003143d       0x3c ./Core/Src/app_freertos.o
 .debug_macro   0x00031479       0x10 ./Core/Src/app_freertos.o
 .debug_macro   0x00031489       0x1c ./Core/Src/app_freertos.o
 .debug_macro   0x000314a5       0x16 ./Core/Src/app_freertos.o
 .debug_macro   0x000314bb      0x146 ./Core/Src/app_freertos.o
 .debug_macro   0x00031601      0x12a ./Core/Src/app_freertos.o
 .debug_macro   0x0003172b       0x74 ./Core/Src/app_freertos.o
 .debug_macro   0x0003179f      0x2e9 ./Core/Src/main.o
 .debug_macro   0x00031a88      0x2d6 ./Core/Src/stm32u5xx_hal_msp.o
 .debug_macro   0x00031d5e      0x277 ./Core/Src/stm32u5xx_hal_timebase_tim.o
 .debug_macro   0x00031fd5      0x2e0 ./Core/Src/stm32u5xx_it.o
 .debug_macro   0x000322b5      0x27e ./Core/Src/system_stm32u5xx.o
 .debug_macro   0x00032533      0x2d8 ./Drivers/BSP/STM32U5xx_Nucleo/stm32u5xx_nucleo.o
 .debug_macro   0x0003280b       0x22 ./Drivers/BSP/STM32U5xx_Nucleo/stm32u5xx_nucleo.o
 .debug_macro   0x0003282d      0x29b ./Drivers/STM32U5xx_HAL_Driver/Src/stm32u5xx_hal.o
 .debug_macro   0x00032ac8      0x277 ./Drivers/STM32U5xx_HAL_Driver/Src/stm32u5xx_hal_cortex.o
 .debug_macro   0x00032d3f      0x28f ./Drivers/STM32U5xx_HAL_Driver/Src/stm32u5xx_hal_exti.o
 .debug_macro   0x00032fce      0x2ac ./Drivers/STM32U5xx_HAL_Driver/Src/stm32u5xx_hal_gpio.o
 .debug_macro   0x0003327a      0x2a9 ./Drivers/STM32U5xx_HAL_Driver/Src/stm32u5xx_hal_icache.o
 .debug_macro   0x00033523      0x2a2 ./Drivers/STM32U5xx_HAL_Driver/Src/stm32u5xx_hal_pwr_ex.o
 .debug_macro   0x000337c5      0x37d ./Drivers/STM32U5xx_HAL_Driver/Src/stm32u5xx_hal_rcc.o
 .debug_macro   0x00033b42      0x3a1 ./Drivers/STM32U5xx_HAL_Driver/Src/stm32u5xx_hal_rcc_ex.o
 .debug_macro   0x00033ee3      0x27f ./Drivers/STM32U5xx_HAL_Driver/Src/stm32u5xx_hal_tim.o
 .debug_macro   0x00034162      0x27d ./Drivers/STM32U5xx_HAL_Driver/Src/stm32u5xx_hal_tim_ex.o
 .debug_macro   0x000343df      0x2a2 ./Drivers/STM32U5xx_HAL_Driver/Src/stm32u5xx_hal_uart.o
 .debug_macro   0x00034681      0x3e9 ./Middlewares/Third_Party/FreeRTOS/Source/CMSIS_RTOS_V2/cmsis_os2.o
 .debug_macro   0x00034a6a       0x10 ./Middlewares/Third_Party/FreeRTOS/Source/CMSIS_RTOS_V2/cmsis_os2.o
 .debug_macro   0x00034a7a       0x20 ./Middlewares/Third_Party/FreeRTOS/Source/CMSIS_RTOS_V2/cmsis_os2.o
 .debug_macro   0x00034a9a       0x98 ./Middlewares/Third_Party/FreeRTOS/Source/CMSIS_RTOS_V2/cmsis_os2.o
 .debug_macro   0x00034b32       0x23 ./Middlewares/Third_Party/FreeRTOS/Source/CMSIS_RTOS_V2/cmsis_os2.o
 .debug_macro   0x00034b55       0x94 ./Middlewares/Third_Party/FreeRTOS/Source/CMSIS_RTOS_V2/cmsis_os2.o
 .debug_macro   0x00034be9       0xa8 ./Middlewares/Third_Party/FreeRTOS/Source/CMSIS_RTOS_V2/cmsis_os2.o
 .debug_macro   0x00034c91       0x22 ./Middlewares/Third_Party/FreeRTOS/Source/CMSIS_RTOS_V2/cmsis_os2.o
 .debug_macro   0x00034cb3      0x1b0 ./Middlewares/Third_Party/FreeRTOS/Source/list.o
 .debug_macro   0x00034e63      0x247 ./Middlewares/Third_Party/FreeRTOS/Source/queue.o
 .debug_macro   0x000350aa       0x16 ./Middlewares/Third_Party/FreeRTOS/Source/queue.o
 .debug_macro   0x000350c0       0x8e ./Middlewares/Third_Party/FreeRTOS/Source/queue.o
 .debug_macro   0x0003514e      0x2db ./Middlewares/Third_Party/FreeRTOS/Source/tasks.o
 .debug_macro   0x00035429       0x17 ./Middlewares/Third_Party/FreeRTOS/Source/tasks.o
 .debug_macro   0x00035440      0x1ff ./Middlewares/Third_Party/FreeRTOS/Source/timers.o
 .debug_macro   0x0003563f       0x9e ./Middlewares/Third_Party/FreeRTOS/Source/timers.o
 .debug_macro   0x000356dd      0x3db ./Middlewares/Third_Party/FreeRTOS/Source/portable/GCC/ARM_CM33_NTZ/non_secure/port.o
 .debug_macro   0x00035ab8      0x1b4 ./Middlewares/Third_Party/FreeRTOS/Source/portable/GCC/ARM_CM33_NTZ/non_secure/port.o
 .debug_macro   0x00035c6c       0xf8 ./Middlewares/Third_Party/FreeRTOS/Source/portable/GCC/ARM_CM33_NTZ/non_secure/portasm.o
 .debug_macro   0x00035d64      0x23f ./Middlewares/Third_Party/FreeRTOS/Source/portable/MemMang/heap_4.o

.debug_line     0x00000000    0x1ffef
 .debug_line    0x00000000      0xabe ./Core/Src/app_freertos.o
 .debug_line    0x00000abe      0xa8c ./Core/Src/main.o
 .debug_line    0x0000154a      0x928 ./Core/Src/stm32u5xx_hal_msp.o
 .debug_line    0x00001e72      0x902 ./Core/Src/stm32u5xx_hal_timebase_tim.o
 .debug_line    0x00002774      0x9c9 ./Core/Src/stm32u5xx_it.o
 .debug_line    0x0000313d      0x99d ./Core/Src/system_stm32u5xx.o
 .debug_line    0x00003ada       0x79 ./Core/Startup/startup_stm32u575zitxq.o
 .debug_line    0x00003b53      0xcf0 ./Drivers/BSP/STM32U5xx_Nucleo/stm32u5xx_nucleo.o
 .debug_line    0x00004843      0xd42 ./Drivers/STM32U5xx_HAL_Driver/Src/stm32u5xx_hal.o
 .debug_line    0x00005585      0xeec ./Drivers/STM32U5xx_HAL_Driver/Src/stm32u5xx_hal_cortex.o
 .debug_line    0x00006471      0xce1 ./Drivers/STM32U5xx_HAL_Driver/Src/stm32u5xx_hal_exti.o
 .debug_line    0x00007152      0xe4b ./Drivers/STM32U5xx_HAL_Driver/Src/stm32u5xx_hal_gpio.o
 .debug_line    0x00007f9d      0xb8c ./Drivers/STM32U5xx_HAL_Driver/Src/stm32u5xx_hal_icache.o
 .debug_line    0x00008b29     0x1217 ./Drivers/STM32U5xx_HAL_Driver/Src/stm32u5xx_hal_pwr_ex.o
 .debug_line    0x00009d40     0x1729 ./Drivers/STM32U5xx_HAL_Driver/Src/stm32u5xx_hal_rcc.o
 .debug_line    0x0000b469     0x2354 ./Drivers/STM32U5xx_HAL_Driver/Src/stm32u5xx_hal_rcc_ex.o
 .debug_line    0x0000d7bd     0x474f ./Drivers/STM32U5xx_HAL_Driver/Src/stm32u5xx_hal_tim.o
 .debug_line    0x00011f0c     0x230c ./Drivers/STM32U5xx_HAL_Driver/Src/stm32u5xx_hal_tim_ex.o
 .debug_line    0x00014218     0x3550 ./Drivers/STM32U5xx_HAL_Driver/Src/stm32u5xx_hal_uart.o
 .debug_line    0x00017768     0x230a ./Middlewares/Third_Party/FreeRTOS/Source/CMSIS_RTOS_V2/cmsis_os2.o
 .debug_line    0x00019a72      0x7c6 ./Middlewares/Third_Party/FreeRTOS/Source/list.o
 .debug_line    0x0001a238     0x1621 ./Middlewares/Third_Party/FreeRTOS/Source/queue.o
 .debug_line    0x0001b859     0x203d ./Middlewares/Third_Party/FreeRTOS/Source/tasks.o
 .debug_line    0x0001d896      0xdfc ./Middlewares/Third_Party/FreeRTOS/Source/timers.o
 .debug_line    0x0001e692      0x837 ./Middlewares/Third_Party/FreeRTOS/Source/portable/GCC/ARM_CM33_NTZ/non_secure/port.o
 .debug_line    0x0001eec9      0x62b ./Middlewares/Third_Party/FreeRTOS/Source/portable/GCC/ARM_CM33_NTZ/non_secure/portasm.o
 .debug_line    0x0001f4f4      0xafb ./Middlewares/Third_Party/FreeRTOS/Source/portable/MemMang/heap_4.o

.debug_str      0x00000000   0x15843e
 .debug_str     0x00000000   0x15843e ./Core/Src/app_freertos.o
                             0x147044 (size before relaxing)
 .debug_str     0x0015843e   0x13c9e4 ./Core/Src/main.o
 .debug_str     0x0015843e   0x13c28a ./Core/Src/stm32u5xx_hal_msp.o
 .debug_str     0x0015843e   0x13bbdf ./Core/Src/stm32u5xx_hal_timebase_tim.o
 .debug_str     0x0015843e   0x13c0de ./Core/Src/stm32u5xx_it.o
 .debug_str     0x0015843e   0x13ae3d ./Core/Src/system_stm32u5xx.o
 .debug_str     0x0015843e       0x79 ./Core/Startup/startup_stm32u575zitxq.o
 .debug_str     0x0015843e   0x13cf49 ./Drivers/BSP/STM32U5xx_Nucleo/stm32u5xx_nucleo.o
 .debug_str     0x0015843e   0x13bcb3 ./Drivers/STM32U5xx_HAL_Driver/Src/stm32u5xx_hal.o
 .debug_str     0x0015843e   0x13ba82 ./Drivers/STM32U5xx_HAL_Driver/Src/stm32u5xx_hal_cortex.o
 .debug_str     0x0015843e   0x13adb5 ./Drivers/STM32U5xx_HAL_Driver/Src/stm32u5xx_hal_exti.o
 .debug_str     0x0015843e   0x13ae62 ./Drivers/STM32U5xx_HAL_Driver/Src/stm32u5xx_hal_gpio.o
 .debug_str     0x0015843e   0x13b15f ./Drivers/STM32U5xx_HAL_Driver/Src/stm32u5xx_hal_icache.o
 .debug_str     0x0015843e   0x13b57d ./Drivers/STM32U5xx_HAL_Driver/Src/stm32u5xx_hal_pwr_ex.o
 .debug_str     0x0015843e   0x13c532 ./Drivers/STM32U5xx_HAL_Driver/Src/stm32u5xx_hal_rcc.o
 .debug_str     0x0015843e   0x13d795 ./Drivers/STM32U5xx_HAL_Driver/Src/stm32u5xx_hal_rcc_ex.o
 .debug_str     0x0015843e   0x13c280 ./Drivers/STM32U5xx_HAL_Driver/Src/stm32u5xx_hal_tim.o
 .debug_str     0x0015843e   0x13c0f8 ./Drivers/STM32U5xx_HAL_Driver/Src/stm32u5xx_hal_tim_ex.o
 .debug_str     0x0015843e   0x13bb04 ./Drivers/STM32U5xx_HAL_Driver/Src/stm32u5xx_hal_uart.o
 .debug_str     0x0015843e   0x1496c9 ./Middlewares/Third_Party/FreeRTOS/Source/CMSIS_RTOS_V2/cmsis_os2.o
 .debug_str     0x0015843e    0x1105c ./Middlewares/Third_Party/FreeRTOS/Source/list.o
 .debug_str     0x0015843e    0x13ca9 ./Middlewares/Third_Party/FreeRTOS/Source/queue.o
 .debug_str     0x0015843e    0x14b3a ./Middlewares/Third_Party/FreeRTOS/Source/tasks.o
 .debug_str     0x0015843e    0x140fe ./Middlewares/Third_Party/FreeRTOS/Source/timers.o
 .debug_str     0x0015843e    0x11202 ./Middlewares/Third_Party/FreeRTOS/Source/portable/GCC/ARM_CM33_NTZ/non_secure/port.o
 .debug_str     0x0015843e     0xdc96 ./Middlewares/Third_Party/FreeRTOS/Source/portable/GCC/ARM_CM33_NTZ/non_secure/portasm.o
 .debug_str     0x0015843e    0x12bbf ./Middlewares/Third_Party/FreeRTOS/Source/portable/MemMang/heap_4.o

.comment        0x00000000       0x43
 .comment       0x00000000       0x43 ./Core/Src/app_freertos.o
                                 0x44 (size before relaxing)
 .comment       0x00000043       0x44 ./Core/Src/main.o
 .comment       0x00000043       0x44 ./Core/Src/stm32u5xx_hal_msp.o
 .comment       0x00000043       0x44 ./Core/Src/stm32u5xx_hal_timebase_tim.o
 .comment       0x00000043       0x44 ./Core/Src/stm32u5xx_it.o
 .comment       0x00000043       0x44 ./Core/Src/system_stm32u5xx.o
 .comment       0x00000043       0x44 ./Drivers/BSP/STM32U5xx_Nucleo/stm32u5xx_nucleo.o
 .comment       0x00000043       0x44 ./Drivers/STM32U5xx_HAL_Driver/Src/stm32u5xx_hal.o
 .comment       0x00000043       0x44 ./Drivers/STM32U5xx_HAL_Driver/Src/stm32u5xx_hal_cortex.o
 .comment       0x00000043       0x44 ./Drivers/STM32U5xx_HAL_Driver/Src/stm32u5xx_hal_exti.o
 .comment       0x00000043       0x44 ./Drivers/STM32U5xx_HAL_Driver/Src/stm32u5xx_hal_gpio.o
 .comment       0x00000043       0x44 ./Drivers/STM32U5xx_HAL_Driver/Src/stm32u5xx_hal_icache.o
 .comment       0x00000043       0x44 ./Drivers/STM32U5xx_HAL_Driver/Src/stm32u5xx_hal_pwr_ex.o
 .comment       0x00000043       0x44 ./Drivers/STM32U5xx_HAL_Driver/Src/stm32u5xx_hal_rcc.o
 .comment       0x00000043       0x44 ./Drivers/STM32U5xx_HAL_Driver/Src/stm32u5xx_hal_rcc_ex.o
 .comment       0x00000043       0x44 ./Drivers/STM32U5xx_HAL_Driver/Src/stm32u5xx_hal_tim.o
 .comment       0x00000043       0x44 ./Drivers/STM32U5xx_HAL_Driver/Src/stm32u5xx_hal_tim_ex.o
 .comment       0x00000043       0x44 ./Drivers/STM32U5xx_HAL_Driver/Src/stm32u5xx_hal_uart.o
 .comment       0x00000043       0x44 ./Middlewares/Third_Party/FreeRTOS/Source/CMSIS_RTOS_V2/cmsis_os2.o
 .comment       0x00000043       0x44 ./Middlewares/Third_Party/FreeRTOS/Source/list.o
 .comment       0x00000043       0x44 ./Middlewares/Third_Party/FreeRTOS/Source/queue.o
 .comment       0x00000043       0x44 ./Middlewares/Third_Party/FreeRTOS/Source/tasks.o
 .comment       0x00000043       0x44 ./Middlewares/Third_Party/FreeRTOS/Source/timers.o
 .comment       0x00000043       0x44 ./Middlewares/Third_Party/FreeRTOS/Source/portable/GCC/ARM_CM33_NTZ/non_secure/port.o
 .comment       0x00000043       0x44 ./Middlewares/Third_Party/FreeRTOS/Source/portable/GCC/ARM_CM33_NTZ/non_secure/portasm.o
 .comment       0x00000043       0x44 ./Middlewares/Third_Party/FreeRTOS/Source/portable/MemMang/heap_4.o

.debug_frame    0x00000000     0x6fc0
 .debug_frame   0x00000000       0x4c ./Core/Src/app_freertos.o
 .debug_frame   0x0000004c       0xec ./Core/Src/main.o
 .debug_frame   0x00000138       0x34 ./Core/Src/stm32u5xx_hal_msp.o
 .debug_frame   0x0000016c       0x6c ./Core/Src/stm32u5xx_hal_timebase_tim.o
 .debug_frame   0x000001d8       0xdc ./Core/Src/stm32u5xx_it.o
 .debug_frame   0x000002b4       0x50 ./Core/Src/system_stm32u5xx.o
 .debug_frame   0x00000304      0x308 ./Drivers/BSP/STM32U5xx_Nucleo/stm32u5xx_nucleo.o
 .debug_frame   0x0000060c      0x480 ./Drivers/STM32U5xx_HAL_Driver/Src/stm32u5xx_hal.o
 .debug_frame   0x00000a8c      0x508 ./Drivers/STM32U5xx_HAL_Driver/Src/stm32u5xx_hal_cortex.o
 .debug_frame   0x00000f94      0x19c ./Drivers/STM32U5xx_HAL_Driver/Src/stm32u5xx_hal_exti.o
 .debug_frame   0x00001130      0x1c0 ./Drivers/STM32U5xx_HAL_Driver/Src/stm32u5xx_hal_gpio.o
 .debug_frame   0x000012f0      0x260 ./Drivers/STM32U5xx_HAL_Driver/Src/stm32u5xx_hal_icache.o
 .debug_frame   0x00001550      0x764 ./Drivers/STM32U5xx_HAL_Driver/Src/stm32u5xx_hal_pwr_ex.o
 .debug_frame   0x00001cb4      0x268 ./Drivers/STM32U5xx_HAL_Driver/Src/stm32u5xx_hal_rcc.o
 .debug_frame   0x00001f1c      0x588 ./Drivers/STM32U5xx_HAL_Driver/Src/stm32u5xx_hal_rcc_ex.o
 .debug_frame   0x000024a4     0x1184 ./Drivers/STM32U5xx_HAL_Driver/Src/stm32u5xx_hal_tim.o
 .debug_frame   0x00003628      0xa1c ./Drivers/STM32U5xx_HAL_Driver/Src/stm32u5xx_hal_tim_ex.o
 .debug_frame   0x00004044      0xa10 ./Drivers/STM32U5xx_HAL_Driver/Src/stm32u5xx_hal_uart.o
 .debug_frame   0x00004a54      0xb40 ./Middlewares/Third_Party/FreeRTOS/Source/CMSIS_RTOS_V2/cmsis_os2.o
 .debug_frame   0x00005594       0xc4 ./Middlewares/Third_Party/FreeRTOS/Source/list.o